=== J073937.23-363011.8 2026-10-05T07:52:43.932309+00:00  P=0.953867 t0=2984.11468 Teff1=13856 M1~5.29 q=0.8 distortion=roche nbins=176
  sma=8.64 Rsun, eclipse width 0.184 -> rsum0=0.464, teffratio0=0.74
  grid 1: chi2=45079.7 v=[74.0, 0.0043, 0.3251, 0.5, 0.5886, 0.8]
  grid 13: chi2=28241.6 v=[74.0, 0.0043, 0.3948, 0.5, 0.5886, 0.8]
  grid 19: chi2=28159.0 v=[74.0, 0.0043, 0.3948, 1.0, 0.5886, 0.8]
  grid 22: chi2=26343.0 v=[74.0, 0.0043, 0.3948, 1.3, 0.5886, 0.8]
  grid 25: chi2=13371.9 v=[74.0, 0.0043, 0.4644, 0.5, 0.5886, 0.8]
  grid 28: chi2=11132.0 v=[74.0, 0.0043, 0.4644, 0.75, 0.5886, 0.8]
  grid 31: chi2=10981.1 v=[74.0, 0.0043, 0.4644, 1.0, 0.5886, 0.8]
  grid 34: chi2=10609.6 v=[74.0, 0.0043, 0.4644, 1.3, 0.5886, 0.8]
  grid 35: chi2=10249.7 v=[74.0, 0.0043, 0.4644, 1.3, 0.7357, 0.8]
  grid 40: chi2=7739.0 v=[74.0, 0.0043, 0.5573, 0.75, 0.5886, 0.8]
  grid 79: chi2=6272.8 v=[80.0, 0.0043, 0.4644, 0.5, 0.5886, 0.8]
  grid 175: chi2=6130.8 v=[87.0, 0.0043, 0.3948, 0.5, 0.5886, 0.8]
  grid 229: chi2=5913.7 v=[89.5, 0.0043, 0.3948, 0.5, 0.5886, 0.8]
grid best chi2=5913.72 (2273s)
  local-opt eval 25: best chi2 4217.50
  local-opt eval 50: best chi2 2383.47
  local-opt eval 75: best chi2 1812.38
  local-opt eval 100: best chi2 1589.96
  local-opt eval 125: best chi2 1017.63
  local-opt eval 150: best chi2 1008.85
  local-opt eval 175: best chi2 1005.86
  local-opt eval 200: best chi2 1005.86
  local-opt eval 225: best chi2 1005.59
  local-opt eval 250: best chi2 1005.24
  local-opt eval 275: best chi2 862.37
  local-opt eval 300: best chi2 574.63
  local-opt eval 325: best chi2 519.79
  local-opt eval 350: best chi2 508.86
  local-opt eval 375: best chi2 504.91
  local-opt eval 400: best chi2 504.91
  local-opt eval 425: best chi2 504.91
  local-opt eval 450: best chi2 504.91
  local-opt eval 475: best chi2 504.91
  local-opt eval 500: best chi2 504.44
  local-opt eval 525: best chi2 504.44
  local-opt eval 550: best chi2 504.44
  local-opt eval 575: best chi2 504.44
  local-opt eval 600: best chi2 504.44
  local-opt eval 625: best chi2 504.27
  local-opt eval 650: best chi2 491.47
  local-opt eval 675: best chi2 488.41
  local-opt eval 700: best chi2 488.41
  local-opt eval 725: best chi2 485.50
  local-opt eval 750: best chi2 485.50
  local-opt eval 775: best chi2 485.50
  local-opt eval 800: best chi2 485.50
  local-opt eval 825: best chi2 485.50
  local-opt eval 850: best chi2 485.50
  local-opt eval 875: best chi2 485.50
  local-opt eval 900: best chi2 485.50
  local-opt eval 925: best chi2 485.50
  local-opt eval 950: best chi2 485.50
  local-opt eval 975: best chi2 485.50
  local-opt eval 1000: best chi2 484.39
  local-opt eval 1025: best chi2 476.83
  local-opt eval 1050: best chi2 475.31
  local-opt eval 1075: best chi2 475.27
  local-opt eval 1100: best chi2 474.68
  local-opt eval 1125: best chi2 474.68
  local-opt eval 1150: best chi2 474.68
  local-opt eval 1175: best chi2 474.68
  local-opt eval 1200: best chi2 474.68
  local-opt eval 1225: best chi2 474.68
  local-opt eval 1250: best chi2 474.68
  local-opt eval 1275: best chi2 473.96
  local-opt eval 1300: best chi2 473.49
  local-opt eval 1325: best chi2 473.49
  start 1/3 (grid chi2 5913.7) -> chi2 473.49
  local-opt eval 25: best chi2 4182.70
  local-opt eval 50: best chi2 3220.53
  local-opt eval 75: best chi2 2394.65
  local-opt eval 100: best chi2 2093.97
  local-opt eval 125: best chi2 1175.36
  local-opt eval 150: best chi2 785.66
  local-opt eval 175: best chi2 570.28
  local-opt eval 200: best chi2 519.38
  local-opt eval 225: best chi2 508.92
  local-opt eval 250: best chi2 505.68
  local-opt eval 275: best chi2 505.68
  local-opt eval 300: best chi2 488.30
  local-opt eval 325: best chi2 488.30
  local-opt eval 350: best chi2 476.55
  local-opt eval 375: best chi2 472.38
  local-opt eval 400: best chi2 472.38
  local-opt eval 425: best chi2 472.38
  local-opt eval 450: best chi2 472.38
  local-opt eval 475: best chi2 472.38
  local-opt eval 500: best chi2 472.38
  local-opt eval 525: best chi2 472.38
  local-opt eval 550: best chi2 472.38
  local-opt eval 575: best chi2 472.38
  local-opt eval 600: best chi2 467.59
  local-opt eval 625: best chi2 467.59
  local-opt eval 650: best chi2 467.59
  local-opt eval 675: best chi2 467.59
  local-opt eval 700: best chi2 460.59
  local-opt eval 725: best chi2 456.74
  local-opt eval 750: best chi2 456.74
  local-opt eval 775: best chi2 456.74
  local-opt eval 800: best chi2 456.74
  local-opt eval 825: best chi2 456.74
  local-opt eval 850: best chi2 456.74
  local-opt eval 875: best chi2 456.74
  local-opt eval 900: best chi2 456.74
  local-opt eval 925: best chi2 456.74
  local-opt eval 950: best chi2 454.64
  local-opt eval 975: best chi2 454.64
  local-opt eval 1000: best chi2 454.64
  local-opt eval 1025: best chi2 454.64
  local-opt eval 1050: best chi2 454.64
  local-opt eval 1075: best chi2 454.64
  local-opt eval 1100: best chi2 454.64
  local-opt eval 1125: best chi2 454.64
  local-opt eval 1150: best chi2 454.64
  local-opt eval 1175: best chi2 454.64
  local-opt eval 1200: best chi2 454.64
=== J073937.23-363011.8 2026-10-05T12:54:44.811266+00:00  P=0.953867 t0=2984.11468 Teff1=13856 M1~5.29 q=0.8 distortion=roche nbins=176
  sma=8.64 Rsun, eclipse width 0.184 -> rsum0=0.464, teffratio0=0.74
  using cached grid result
grid best chi2=5913.72 (0s)
  local-opt eval 25: best chi2 4217.50
  local-opt eval 50: best chi2 2383.47
  local-opt eval 75: best chi2 1812.38
  local-opt eval 100: best chi2 1589.96
  local-opt eval 125: best chi2 1017.63
  local-opt eval 150: best chi2 1008.85
  local-opt eval 175: best chi2 1005.86
  local-opt eval 200: best chi2 1005.86
  local-opt eval 225: best chi2 1005.59
  local-opt eval 250: best chi2 1005.24
  local-opt eval 275: best chi2 862.37
  local-opt eval 300: best chi2 574.63
  local-opt eval 325: best chi2 519.79
  local-opt eval 350: best chi2 508.86
  local-opt eval 375: best chi2 504.91
  local-opt eval 400: best chi2 504.91
  local-opt eval 425: best chi2 504.91
  local-opt eval 450: best chi2 504.91
  local-opt eval 475: best chi2 504.91
  local-opt eval 500: best chi2 504.44
  local-opt eval 525: best chi2 504.44
  local-opt eval 550: best chi2 504.44
  local-opt eval 575: best chi2 504.44
  local-opt eval 600: best chi2 504.44
  local-opt eval 625: best chi2 504.27
  local-opt eval 650: best chi2 491.47
  local-opt eval 675: best chi2 488.41
  local-opt eval 700: best chi2 488.41
  local-opt eval 725: best chi2 485.50
  local-opt eval 750: best chi2 485.50
  local-opt eval 775: best chi2 485.50
  local-opt eval 800: best chi2 485.50
  local-opt eval 825: best chi2 485.50
  local-opt eval 850: best chi2 485.50
  local-opt eval 875: best chi2 485.50
  local-opt eval 900: best chi2 485.50
  local-opt eval 925: best chi2 485.50
  local-opt eval 950: best chi2 485.50
  local-opt eval 975: best chi2 485.50
  local-opt eval 1000: best chi2 484.39
  local-opt eval 1025: best chi2 476.83
  local-opt eval 1050: best chi2 475.31
  local-opt eval 1075: best chi2 475.27
  local-opt eval 1100: best chi2 474.68
  local-opt eval 1125: best chi2 474.68
  local-opt eval 1150: best chi2 474.68
  local-opt eval 1175: best chi2 474.68
  local-opt eval 1200: best chi2 474.68
  local-opt eval 1225: best chi2 474.68
  local-opt eval 1250: best chi2 474.68
  local-opt eval 1275: best chi2 473.96
  local-opt eval 1300: best chi2 473.49
  local-opt eval 1325: best chi2 473.49
  start 1/3 (grid chi2 5913.7) -> chi2 473.49
  local-opt eval 25: best chi2 4182.70
  local-opt eval 50: best chi2 3220.53
  local-opt eval 75: best chi2 2394.65
  local-opt eval 100: best chi2 2093.97
  local-opt eval 125: best chi2 1175.36
  local-opt eval 150: best chi2 785.66
  local-opt eval 175: best chi2 570.28
  local-opt eval 200: best chi2 519.38
  local-opt eval 225: best chi2 508.92
  local-opt eval 250: best chi2 505.68
  local-opt eval 275: best chi2 505.68
