=== J204142.75+463029.3 2026-10-02T16:12:26.280117+00:00  P=2.393356 t0=3367.20041 Teff1=7463 M1~1.54 q=0.8 distortion=roche nbins=220
  sma=10.57 Rsun, eclipse width 0.067 -> rsum0=0.112, teffratio0=0.99
  grid 1: chi2=207873.8 v=[74.0, 0.0, 0.0781, 0.5, 0.7941]
  grid 10: chi2=207664.4 v=[74.0, 0.0, 0.0948, 0.5, 0.7941]
  grid 19: chi2=207340.5 v=[74.0, 0.0, 0.1116, 0.5, 0.7941]
  grid 28: chi2=206735.5 v=[74.0, 0.0, 0.1339, 0.5, 0.7941]
  grid 37: chi2=205795.9 v=[74.0, 0.0, 0.1562, 0.5, 0.7941]
  grid 111: chi2=205593.8 v=[84.0, 0.0, 0.1116, 0.5, 1.1912]
  grid 118: chi2=185570.3 v=[84.0, 0.0, 0.1339, 0.5, 0.7941]
  grid 119: chi2=178269.5 v=[84.0, 0.0, 0.1339, 0.5, 0.9926]
  grid 120: chi2=171909.3 v=[84.0, 0.0, 0.1339, 0.5, 1.1912]
  grid 123: chi2=170937.6 v=[84.0, 0.0, 0.1339, 0.75, 1.1912]
  grid 127: chi2=149286.1 v=[84.0, 0.0, 0.1562, 0.5, 0.7941]
  grid 128: chi2=134439.6 v=[84.0, 0.0, 0.1562, 0.5, 0.9926]
  grid 129: chi2=123883.0 v=[84.0, 0.0, 0.1562, 0.5, 1.1912]
  grid 132: chi2=120867.8 v=[84.0, 0.0, 0.1562, 0.75, 1.1912]
  grid 155: chi2=114387.4 v=[87.0, 0.0, 0.1116, 0.5, 0.9926]
  grid 156: chi2=110339.8 v=[87.0, 0.0, 0.1116, 0.5, 1.1912]
  grid 158: chi2=107300.8 v=[87.0, 0.0, 0.1116, 0.75, 0.9926]
  grid 161: chi2=106055.1 v=[87.0, 0.0, 0.1116, 1.0, 0.9926]
  grid 163: chi2=99430.3 v=[87.0, 0.0, 0.1339, 0.5, 0.7941]
  grid 164: chi2=81252.1 v=[87.0, 0.0, 0.1339, 0.5, 0.9926]
  grid 167: chi2=77441.2 v=[87.0, 0.0, 0.1339, 0.75, 0.9926]
  grid 172: chi2=75765.8 v=[87.0, 0.0, 0.1562, 0.5, 0.7941]
  grid 173: chi2=57384.8 v=[87.0, 0.0, 0.1562, 0.5, 0.9926]
  grid 218: chi2=45180.3 v=[89.5, 0.0, 0.1562, 0.5, 0.9926]
grid best chi2=45180.35 (608s)
  powell eval 25: best chi2 44570.09
