=== J231201.40+532028.6 2026-10-02T19:50:57.433079+00:00  P=6.849530 t0=2868.13335 Teff1=8547 M1~1.93 q=0.8 distortion=sphere nbins=223
  sma=23.00 Rsun, eclipse width 0.070 -> rsum0=0.185, teffratio0=0.98
  grid 1: chi2=187898.9 v=[74.0, -0.0034, 0.1298, 0.5, 0.7812]
  grid 2: chi2=186010.6 v=[74.0, -0.0034, 0.1298, 0.5, 0.9766]
  grid 3: chi2=184583.9 v=[74.0, -0.0034, 0.1298, 0.5, 1.1719]
  grid 6: chi2=183686.6 v=[74.0, -0.0034, 0.1298, 0.75, 1.1719]
  grid 15: chi2=183553.9 v=[74.0, -0.0034, 0.1576, 0.5, 1.1719]
  grid 18: chi2=183522.2 v=[74.0, -0.0034, 0.1576, 0.75, 1.1719]
  grid 24: chi2=183425.7 v=[74.0, -0.0034, 0.1576, 1.3, 1.1719]
  grid 98: chi2=183421.4 v=[80.0, -0.0034, 0.2225, 0.5, 0.9766]
  grid 99: chi2=177818.5 v=[80.0, -0.0034, 0.2225, 0.5, 1.1719]
  grid 102: chi2=177556.0 v=[80.0, -0.0034, 0.2225, 0.75, 1.1719]
  grid 108: chi2=177501.3 v=[80.0, -0.0034, 0.2225, 1.3, 1.1719]
  grid 109: chi2=165038.7 v=[80.0, -0.0034, 0.2596, 0.5, 0.7812]
  grid 110: chi2=137307.2 v=[80.0, -0.0034, 0.2596, 0.5, 0.9766]
  grid 111: chi2=117551.4 v=[80.0, -0.0034, 0.2596, 0.5, 1.1719]
  grid 114: chi2=115660.3 v=[80.0, -0.0034, 0.2596, 0.75, 1.1719]
  grid 158: chi2=101465.0 v=[84.0, -0.0034, 0.2225, 0.5, 0.9766]
  grid 159: chi2=76403.0 v=[84.0, -0.0034, 0.2225, 0.5, 1.1719]
  grid 162: chi2=73874.1 v=[84.0, -0.0034, 0.2225, 0.75, 1.1719]
  grid 170: chi2=26751.8 v=[84.0, -0.0034, 0.2596, 0.5, 0.9766]
  grid 171: chi2=11923.3 v=[84.0, -0.0034, 0.2596, 0.5, 1.1719]
  grid 230: chi2=5083.5 v=[87.0, -0.0034, 0.2596, 0.5, 0.9766]
