=== J231201.40+532028.6 2026-10-04T12:53:19.777269+00:00  P=6.849530 t0=2868.13335 Teff1=9932 M1~2.50 q=0.8 distortion=sphere nbins=223
  eccentric: secondary at phase 0.4990 -> ecosw0=-0.0016, esinw0=0.041
  sma=25.04 Rsun, eclipse width 0.070 -> rsum0=0.185, teffratio0=0.98
  grid 1: chi2=186292.1 v=[74.0, -0.0034, 0.1298, 0.5, 0.7812, 0.0, -0.0016, 0.0411]
  grid 2: chi2=184463.8 v=[74.0, -0.0034, 0.1298, 0.5, 0.9766, 0.0, -0.0016, 0.0411]
  grid 3: chi2=183081.8 v=[74.0, -0.0034, 0.1298, 0.5, 1.1719, 0.0, -0.0016, 0.0411]
  grid 6: chi2=182637.4 v=[74.0, -0.0034, 0.1298, 0.75, 1.1719, 0.0, -0.0016, 0.0411]
  grid 9: chi2=182405.5 v=[74.0, -0.0034, 0.1298, 1.0, 1.1719, 0.0, -0.0016, 0.0411]
  grid 12: chi2=182290.3 v=[74.0, -0.0034, 0.1298, 1.3, 1.1719, 0.0, -0.0016, 0.0411]
  grid 21: chi2=182186.6 v=[74.0, -0.0034, 0.1576, 1.0, 1.1719, 0.0, -0.0016, 0.0411]
  grid 24: chi2=182078.6 v=[74.0, -0.0034, 0.1576, 1.3, 1.1719, 0.0, -0.0016, 0.0411]
  grid 33: chi2=182061.9 v=[74.0, -0.0034, 0.1854, 1.0, 1.1719, 0.0, -0.0016, 0.0411]
  grid 36: chi2=181938.3 v=[74.0, -0.0034, 0.1854, 1.3, 1.1719, 0.0, -0.0016, 0.0411]
  grid 99: chi2=179173.5 v=[80.0, -0.0034, 0.2225, 0.5, 1.1719, 0.0, -0.0016, 0.0411]
  grid 102: chi2=178520.2 v=[80.0, -0.0034, 0.2225, 0.75, 1.1719, 0.0, -0.0016, 0.0411]
  grid 105: chi2=178419.8 v=[80.0, -0.0034, 0.2225, 1.0, 1.1719, 0.0, -0.0016, 0.0411]
  grid 109: chi2=160054.6 v=[80.0, -0.0034, 0.2596, 0.5, 0.7812, 0.0, -0.0016, 0.0411]
  grid 110: chi2=133147.1 v=[80.0, -0.0034, 0.2596, 0.5, 0.9766, 0.0, -0.0016, 0.0411]
  grid 111: chi2=113925.8 v=[80.0, -0.0034, 0.2596, 0.5, 1.1719, 0.0, -0.0016, 0.0411]
  grid 114: chi2=110277.1 v=[80.0, -0.0034, 0.2596, 0.75, 1.1719, 0.0, -0.0016, 0.0411]
  grid 158: chi2=81986.7 v=[84.0, -0.0034, 0.2225, 0.5, 0.9766, 0.0, -0.0016, 0.0411]
  grid 159: chi2=57004.5 v=[84.0, -0.0034, 0.2225, 0.5, 1.1719, 0.0, -0.0016, 0.0411]
  grid 162: chi2=52499.3 v=[84.0, -0.0034, 0.2225, 0.75, 1.1719, 0.0, -0.0016, 0.0411]
  grid 170: chi2=13934.7 v=[84.0, -0.0034, 0.2596, 0.5, 0.9766, 0.0, -0.0016, 0.0411]
  grid 171: chi2=5846.6 v=[84.0, -0.0034, 0.2596, 0.5, 1.1719, 0.0, -0.0016, 0.0411]
  grid 230: chi2=5398.6 v=[87.0, -0.0034, 0.2596, 0.5, 0.9766, 0.0, -0.0016, 0.0411]
grid best chi2=5398.58 (623s)
  local-opt eval 25: best chi2 1412.54
  local-opt eval 50: best chi2 824.19
  local-opt eval 75: best chi2 513.96
  local-opt eval 100: best chi2 513.96
  local-opt eval 125: best chi2 507.93
  local-opt eval 150: best chi2 507.93
  local-opt eval 175: best chi2 507.93
  local-opt eval 200: best chi2 507.93
  local-opt eval 225: best chi2 428.92
  local-opt eval 250: best chi2 428.92
  local-opt eval 275: best chi2 428.92
  local-opt eval 300: best chi2 428.92
  local-opt eval 325: best chi2 428.92
  local-opt eval 350: best chi2 428.92
  local-opt eval 375: best chi2 411.62
  local-opt eval 400: best chi2 411.62
  local-opt eval 425: best chi2 411.62
  local-opt eval 450: best chi2 411.62
  local-opt eval 475: best chi2 411.62
  local-opt eval 500: best chi2 411.62
  local-opt eval 525: best chi2 411.62
  local-opt eval 550: best chi2 411.62
  local-opt eval 575: best chi2 411.62
  local-opt eval 600: best chi2 411.62
  local-opt eval 625: best chi2 411.62
  local-opt eval 650: best chi2 411.62
  start 1/3 (grid chi2 5398.6) -> chi2 411.62
  local-opt eval 25: best chi2 4434.73
  local-opt eval 50: best chi2 2171.93
  local-opt eval 75: best chi2 1543.96
  local-opt eval 100: best chi2 752.35
  local-opt eval 125: best chi2 677.72
  local-opt eval 150: best chi2 661.03
  local-opt eval 175: best chi2 452.52
  local-opt eval 200: best chi2 452.52
  local-opt eval 225: best chi2 452.52
  local-opt eval 250: best chi2 452.52
  local-opt eval 275: best chi2 452.52
  local-opt eval 300: best chi2 450.32
  local-opt eval 325: best chi2 450.32
  local-opt eval 350: best chi2 446.88
  local-opt eval 375: best chi2 445.84
  local-opt eval 400: best chi2 445.84
  local-opt eval 425: best chi2 445.49
  local-opt eval 450: best chi2 445.49
  local-opt eval 475: best chi2 445.49
  local-opt eval 500: best chi2 445.49
  local-opt eval 525: best chi2 445.49
  local-opt eval 550: best chi2 445.49
  local-opt eval 575: best chi2 445.49
  local-opt eval 600: best chi2 445.49
  local-opt eval 625: best chi2 445.49
  local-opt eval 650: best chi2 445.49
  local-opt eval 675: best chi2 445.49
  local-opt eval 700: best chi2 445.49
  local-opt eval 725: best chi2 445.49
  local-opt eval 750: best chi2 445.49
  start 2/3 (grid chi2 5846.6) -> chi2 445.49
  local-opt eval 25: best chi2 3413.76
  local-opt eval 50: best chi2 1819.20
  local-opt eval 75: best chi2 1223.74
  local-opt eval 100: best chi2 736.70
  local-opt eval 125: best chi2 670.38
  local-opt eval 150: best chi2 571.12
  local-opt eval 175: best chi2 567.78
  local-opt eval 200: best chi2 562.80
  local-opt eval 225: best chi2 560.33
  local-opt eval 250: best chi2 560.33
  local-opt eval 275: best chi2 559.62
  local-opt eval 300: best chi2 559.58
  local-opt eval 325: best chi2 559.58
  local-opt eval 350: best chi2 559.58
