=== J231201.40+532028.6 2026-10-03T15:50:34.999269+00:00  P=6.849530 t0=2868.13335 Teff1=9932 M1~2.50 q=0.8 distortion=sphere nbins=223
  sma=25.04 Rsun, eclipse width 0.070 -> rsum0=0.185, teffratio0=0.98
  grid 1: chi2=186899.8 v=[74.0, -0.0034, 0.1298, 0.5, 0.7812]
  grid 2: chi2=184941.5 v=[74.0, -0.0034, 0.1298, 0.5, 0.9766]
  grid 3: chi2=183502.2 v=[74.0, -0.0034, 0.1298, 0.5, 1.1719]
  grid 6: chi2=183299.0 v=[74.0, -0.0034, 0.1298, 0.75, 1.1719]
  grid 9: chi2=183249.4 v=[74.0, -0.0034, 0.1298, 1.0, 1.1719]
  grid 18: chi2=183087.8 v=[74.0, -0.0034, 0.1576, 0.75, 1.1719]
  grid 21: chi2=183047.1 v=[74.0, -0.0034, 0.1576, 1.0, 1.1719]
  grid 30: chi2=182952.4 v=[74.0, -0.0034, 0.1854, 0.75, 1.1719]
  grid 33: chi2=182923.0 v=[74.0, -0.0034, 0.1854, 1.0, 1.1719]
  grid 99: chi2=177617.2 v=[80.0, -0.0034, 0.2225, 0.5, 1.1719]
  grid 102: chi2=176958.7 v=[80.0, -0.0034, 0.2225, 0.75, 1.1719]
  grid 109: chi2=162924.0 v=[80.0, -0.0034, 0.2596, 0.5, 0.7812]
  grid 110: chi2=135523.3 v=[80.0, -0.0034, 0.2596, 0.5, 0.9766]
  grid 111: chi2=116115.9 v=[80.0, -0.0034, 0.2596, 0.5, 1.1719]
  grid 114: chi2=112775.9 v=[80.0, -0.0034, 0.2596, 0.75, 1.1719]
  grid 158: chi2=99268.7 v=[84.0, -0.0034, 0.2225, 0.5, 0.9766]
  grid 159: chi2=75937.6 v=[84.0, -0.0034, 0.2225, 0.5, 1.1719]
  grid 162: chi2=71842.4 v=[84.0, -0.0034, 0.2225, 0.75, 1.1719]
  grid 170: chi2=26747.1 v=[84.0, -0.0034, 0.2596, 0.5, 0.9766]
  grid 171: chi2=11824.0 v=[84.0, -0.0034, 0.2596, 0.5, 1.1719]
  grid 230: chi2=5318.1 v=[87.0, -0.0034, 0.2596, 0.5, 0.9766]
grid best chi2=5318.06 (560s)
  local-opt eval 25: best chi2 3872.40
  local-opt eval 50: best chi2 2832.95
  local-opt eval 75: best chi2 2146.97
  local-opt eval 100: best chi2 1630.86
  local-opt eval 125: best chi2 1352.14
  local-opt eval 150: best chi2 1279.35
  local-opt eval 175: best chi2 1261.25
  local-opt eval 200: best chi2 1205.09
  local-opt eval 225: best chi2 1196.51
  local-opt eval 250: best chi2 1196.32
  local-opt eval 275: best chi2 1196.32
  local-opt eval 300: best chi2 1196.32
  local-opt eval 325: best chi2 1196.32
  local-opt eval 350: best chi2 1196.32
  local-opt eval 375: best chi2 1196.32
  local-opt eval 400: best chi2 1196.32
  local-opt eval 425: best chi2 1196.32
  local-opt eval 450: best chi2 1196.32
  local-opt eval 475: best chi2 1196.32
  local-opt eval 500: best chi2 1196.32
  local-opt eval 525: best chi2 1196.32
  local-opt eval 550: best chi2 1196.32
  start 1/3 (grid chi2 5318.1) -> chi2 1196.32
  local-opt eval 25: best chi2 4289.59
  local-opt eval 50: best chi2 3471.72
  local-opt eval 75: best chi2 3226.84
  local-opt eval 100: best chi2 3226.84
  local-opt eval 125: best chi2 3226.84
  local-opt eval 150: best chi2 3225.65
  local-opt eval 175: best chi2 3225.65
  local-opt eval 200: best chi2 3225.65
  local-opt eval 225: best chi2 3225.65
  local-opt eval 250: best chi2 3225.65
  local-opt eval 275: best chi2 3225.65
  local-opt eval 300: best chi2 3225.65
