=== J231201.40+532028.6 2026-10-06T07:53:41.120865+00:00  P=6.849530 t0=2868.13335 Teff1=10925 M1~3.06 q=0.8 distortion=sphere nbins=223
  sma=26.82 Rsun, eclipse width 0.070 -> rsum0=0.185, teffratio0=0.98
  grid 1: chi2=184218.6 v=[74.0, -0.0034, 0.1298, 0.5, 0.7812]
  grid 2: chi2=184168.1 v=[74.0, -0.0034, 0.1298, 0.5, 0.9766]
  grid 3: chi2=184124.2 v=[74.0, -0.0034, 0.1298, 0.5, 1.1719]
  grid 5: chi2=184070.2 v=[74.0, -0.0034, 0.1298, 0.75, 0.9766]
  grid 6: chi2=184024.2 v=[74.0, -0.0034, 0.1298, 0.75, 1.1719]
  grid 8: chi2=184002.4 v=[74.0, -0.0034, 0.1298, 1.0, 0.9766]
  grid 9: chi2=183966.8 v=[74.0, -0.0034, 0.1298, 1.0, 1.1719]
  grid 11: chi2=183955.7 v=[74.0, -0.0034, 0.1298, 1.3, 0.9766]
  grid 12: chi2=183933.4 v=[74.0, -0.0034, 0.1298, 1.3, 1.1719]
  grid 97: chi2=182259.5 v=[80.0, -0.0034, 0.2225, 0.5, 0.7812]
  grid 98: chi2=180477.6 v=[80.0, -0.0034, 0.2225, 0.5, 0.9766]
  grid 99: chi2=178881.7 v=[80.0, -0.0034, 0.2225, 0.5, 1.1719]
  grid 102: chi2=178050.5 v=[80.0, -0.0034, 0.2225, 0.75, 1.1719]
  grid 105: chi2=177944.6 v=[80.0, -0.0034, 0.2225, 1.0, 1.1719]
  grid 109: chi2=150012.2 v=[80.0, -0.0034, 0.2596, 0.5, 0.7812]
  grid 110: chi2=132685.7 v=[80.0, -0.0034, 0.2596, 0.5, 0.9766]
  grid 111: chi2=117686.3 v=[80.0, -0.0034, 0.2596, 0.5, 1.1719]
  grid 114: chi2=113467.6 v=[80.0, -0.0034, 0.2596, 0.75, 1.1719]
  grid 158: chi2=97440.1 v=[84.0, -0.0034, 0.2225, 0.5, 0.9766]
  grid 159: chi2=77438.1 v=[84.0, -0.0034, 0.2225, 0.5, 1.1719]
  grid 162: chi2=72666.0 v=[84.0, -0.0034, 0.2225, 0.75, 1.1719]
  grid 169: chi2=62962.1 v=[84.0, -0.0034, 0.2596, 0.5, 0.7812]
  grid 170: chi2=25667.0 v=[84.0, -0.0034, 0.2596, 0.5, 0.9766]
  grid 171: chi2=10638.5 v=[84.0, -0.0034, 0.2596, 0.5, 1.1719]
  grid 230: chi2=4661.1 v=[87.0, -0.0034, 0.2596, 0.5, 0.9766]
grid best chi2=4661.13 (590s)
  local-opt eval 25: best chi2 3385.40
  local-opt eval 50: best chi2 3045.80
  local-opt eval 75: best chi2 2372.34
  local-opt eval 100: best chi2 2372.34
  local-opt eval 125: best chi2 2372.34
  local-opt eval 150: best chi2 2372.34
  local-opt eval 175: best chi2 2372.34
  local-opt eval 200: best chi2 2372.34
  local-opt eval 225: best chi2 2372.34
  local-opt eval 250: best chi2 2372.34
  local-opt eval 275: best chi2 2372.34
  local-opt eval 300: best chi2 2372.34
  local-opt eval 325: best chi2 2372.34
  local-opt eval 350: best chi2 2372.34
  local-opt eval 375: best chi2 2372.34
  local-opt eval 400: best chi2 2372.34
  local-opt eval 425: best chi2 2372.34
  start 1/3 (grid chi2 4661.1) -> chi2 2372.34
  local-opt eval 25: best chi2 3597.85
  local-opt eval 50: best chi2 2941.52
  local-opt eval 75: best chi2 1643.57
  local-opt eval 100: best chi2 555.69
  local-opt eval 125: best chi2 521.52
  local-opt eval 150: best chi2 521.52
  local-opt eval 175: best chi2 521.52
  local-opt eval 200: best chi2 521.52
  local-opt eval 225: best chi2 521.52
  local-opt eval 250: best chi2 521.52
  local-opt eval 275: best chi2 521.52
  local-opt eval 300: best chi2 521.52
  local-opt eval 325: best chi2 521.52
  local-opt eval 350: best chi2 521.52
  local-opt eval 375: best chi2 521.52
  local-opt eval 400: best chi2 521.52
  local-opt eval 425: best chi2 521.52
  local-opt eval 450: best chi2 521.52
  local-opt eval 475: best chi2 521.52
  start 2/3 (grid chi2 7403.3) -> chi2 521.52
  local-opt eval 25: best chi2 4029.65
  local-opt eval 50: best chi2 3261.98
  local-opt eval 75: best chi2 1897.76
  local-opt eval 100: best chi2 1053.58
  local-opt eval 125: best chi2 601.21
  local-opt eval 150: best chi2 545.85
  local-opt eval 175: best chi2 545.15
  local-opt eval 200: best chi2 543.68
  local-opt eval 225: best chi2 542.50
  local-opt eval 250: best chi2 540.78
  local-opt eval 275: best chi2 540.50
  local-opt eval 300: best chi2 538.07
  local-opt eval 325: best chi2 538.07
  local-opt eval 350: best chi2 538.07
  local-opt eval 375: best chi2 538.07
  local-opt eval 400: best chi2 538.07
  local-opt eval 425: best chi2 538.06
  local-opt eval 450: best chi2 538.06
  local-opt eval 475: best chi2 538.06
  local-opt eval 500: best chi2 538.06
  local-opt eval 525: best chi2 538.06
  start 3/3 (grid chi2 8243.0) -> chi2 538.06
local-opt (Nelder-Mead) chi2=521.52 after 1461 evals v=[83.56258, -0.00982, 0.28733, 0.56368, 0.97733]
  emcee 12x30 in 815s, acc=0.42
{"incl": 83.5625754091044, "r1_frac": 0.1837555215653261, "r2_frac": 0.10357863855895226, "teffratio": 0.9773320203801534, "chi2_final_hires": 385.2962991643954, "passes_all": false}
photometry: {"chi2": 385.2962991643954, "dof": 217, "chi2_red": 1.775558982324403, "rms": 0.004090138046592717, "primary_mean_resid": -0.005079604647269676, "primary_bias_sigma": -1.2691397095350219, "secondary_mean_resid": 0.0018997459568121562, "secondary_bias_sigma": 1.2036960874057716, "pass_fit": true, "pass_no_eclipse_bias": true}
blackbody: {"status": "no AllWISE row"}
