=== J231201.40+532028.6 2026-10-02T15:59:15.423242+00:00  P=6.849530 t0=2868.13335 Teff1=8547 M1~1.93 q=0.8 distortion=sphere nbins=223
  sma=23.00 Rsun, eclipse width 0.061 -> rsum0=0.101, teffratio0=0.98
  grid 1: chi2=185073.3 v=[74.0, 0.0, 0.0704, 0.5, 0.7812]
  grid 2: chi2=184564.3 v=[74.0, 0.0, 0.0704, 0.5, 0.9766]
  grid 3: chi2=184138.9 v=[74.0, 0.0, 0.0704, 0.5, 1.1719]
  grid 12: chi2=184050.8 v=[74.0, 0.0, 0.0855, 0.5, 1.1719]
  grid 21: chi2=183953.1 v=[74.0, 0.0, 0.1006, 0.5, 1.1719]
  grid 33: chi2=183811.7 v=[74.0, 0.0, 0.1207, 0.75, 1.1719]
  grid 39: chi2=183679.6 v=[74.0, 0.0, 0.1408, 0.5, 1.1719]
  grid 42: chi2=183671.2 v=[74.0, 0.0, 0.1408, 0.75, 1.1719]
  grid 120: chi2=183568.7 v=[84.0, 0.0, 0.1207, 0.5, 1.1719]
  grid 129: chi2=181989.3 v=[84.0, 0.0, 0.1408, 0.5, 1.1719]
  grid 132: chi2=181960.8 v=[84.0, 0.0, 0.1408, 0.75, 1.1719]
  grid 155: chi2=181359.4 v=[87.0, 0.0, 0.1006, 0.5, 0.9766]
  grid 156: chi2=179902.3 v=[87.0, 0.0, 0.1006, 0.5, 1.1719]
  grid 164: chi2=177669.6 v=[87.0, 0.0, 0.1207, 0.5, 0.9766]
  grid 165: chi2=175500.5 v=[87.0, 0.0, 0.1207, 0.5, 1.1719]
  grid 173: chi2=173660.3 v=[87.0, 0.0, 0.1408, 0.5, 0.9766]
  grid 174: chi2=170398.6 v=[87.0, 0.0, 0.1408, 0.5, 1.1719]
  grid 218: chi2=168874.0 v=[89.5, 0.0, 0.1408, 0.5, 0.9766]
  grid 219: chi2=165616.6 v=[89.5, 0.0, 0.1408, 0.5, 1.1719]
grid best chi2=165616.59 (722s)
  powell eval 25: best chi2 165616.59
