=== J232537.66+613847.9 2026-10-02T19:52:12.875954+00:00  P=1.922064 t0=3406.93846 Teff1=8862 M1~2.06 q=0.8 distortion=roche nbins=206
  eccentric: secondary at phase 0.4495 -> ecosw0=-0.0793, esinw0=-0.036
  sma=10.06 Rsun, eclipse width 0.114 -> rsum0=0.298, teffratio0=0.94
  grid 1: chi2=447326.2 v=[74.0, 0.0007, 0.2086, 0.5, 0.7504, -0.0793, -0.0364, 0.8]
  grid 13: chi2=417159.5 v=[74.0, 0.0007, 0.2533, 0.5, 0.7504, -0.0793, -0.0364, 0.8]
  grid 25: chi2=355901.8 v=[74.0, 0.0007, 0.298, 0.5, 0.7504, -0.0793, -0.0364, 0.8]
  grid 26: chi2=347174.4 v=[74.0, 0.0007, 0.298, 0.5, 0.9381, -0.0793, -0.0364, 0.8]
  grid 27: chi2=346909.6 v=[74.0, 0.0007, 0.298, 0.5, 1.1257, -0.0793, -0.0364, 0.8]
  grid 37: chi2=136872.6 v=[74.0, 0.0007, 0.3575, 0.5, 0.7504, -0.0793, -0.0364, 0.8]
  grid 38: chi2=117945.2 v=[74.0, 0.0007, 0.3575, 0.5, 0.9381, -0.0793, -0.0364, 0.8]
  grid 41: chi2=104511.0 v=[74.0, 0.0007, 0.3575, 0.75, 0.9381, -0.0793, -0.0364, 0.8]
  grid 44: chi2=97796.9 v=[74.0, 0.0007, 0.3575, 1.0, 0.9381, -0.0793, -0.0364, 0.8]
  grid 47: chi2=91756.9 v=[74.0, 0.0007, 0.3575, 1.3, 0.9381, -0.0793, -0.0364, 0.8]
  grid 52: chi2=60532.3 v=[74.0, 0.0007, 0.4171, 0.75, 0.7504, -0.0793, -0.0364, 0.8]
  grid 85: chi2=38061.6 v=[80.0, 0.0007, 0.298, 0.5, 0.7504, -0.0793, -0.0364, 0.8]
grid best chi2=38061.63 (664s)
  local-opt eval 25: best chi2 28706.15
  local-opt eval 50: best chi2 27213.59
  local-opt eval 75: best chi2 25777.31
  local-opt eval 100: best chi2 21230.67
  local-opt eval 125: best chi2 8813.83
  local-opt eval 150: best chi2 4621.13
  local-opt eval 175: best chi2 4621.13
  local-opt eval 200: best chi2 4150.18
  local-opt eval 225: best chi2 3647.14
  local-opt eval 250: best chi2 3309.86
  local-opt eval 275: best chi2 3206.00
  local-opt eval 300: best chi2 3104.08
  local-opt eval 325: best chi2 3104.08
  local-opt eval 350: best chi2 3104.08
  local-opt eval 375: best chi2 3104.08
