=== J232537.66+613847.9 2026-10-02T19:19:42.927564+00:00  P=1.922064 t0=3406.93846 Teff1=8862 M1~2.06 q=0.8 distortion=roche nbins=206
  eccentric: secondary at phase 0.4495 -> ecosw0=-0.0793, esinw0=-0.036
  sma=10.06 Rsun, eclipse width 0.114 -> rsum0=0.298, teffratio0=0.94
  grid 1: chi2=447374.6 v=[74.0, 0.0, 0.2086, 0.5, 0.7504, -0.0793, -0.0364]
  grid 10: chi2=417138.3 v=[74.0, 0.0, 0.2533, 0.5, 0.7504, -0.0793, -0.0364]
  grid 19: chi2=356176.8 v=[74.0, 0.0, 0.298, 0.5, 0.7504, -0.0793, -0.0364]
  grid 20: chi2=347469.0 v=[74.0, 0.0, 0.298, 0.5, 0.9381, -0.0793, -0.0364]
  grid 21: chi2=347212.5 v=[74.0, 0.0, 0.298, 0.5, 1.1257, -0.0793, -0.0364]
  grid 28: chi2=136296.6 v=[74.0, 0.0, 0.3575, 0.5, 0.7504, -0.0793, -0.0364]
  grid 29: chi2=117504.5 v=[74.0, 0.0, 0.3575, 0.5, 0.9381, -0.0793, -0.0364]
  grid 32: chi2=103931.0 v=[74.0, 0.0, 0.3575, 0.75, 0.9381, -0.0793, -0.0364]
  grid 35: chi2=97233.2 v=[74.0, 0.0, 0.3575, 1.0, 0.9381, -0.0793, -0.0364]
  grid 40: chi2=60429.0 v=[74.0, 0.0, 0.4171, 0.75, 0.7504, -0.0793, -0.0364]
  grid 64: chi2=37746.5 v=[80.0, 0.0, 0.298, 0.5, 0.7504, -0.0793, -0.0364]
grid best chi2=37746.52 (584s)
  local-opt eval 25: best chi2 28562.06
  local-opt eval 50: best chi2 26137.61
  local-opt eval 75: best chi2 25460.90
  local-opt eval 100: best chi2 25449.81
  local-opt eval 125: best chi2 25449.81
  local-opt eval 150: best chi2 25383.84
  local-opt eval 175: best chi2 25383.84
  local-opt eval 200: best chi2 25383.84
  local-opt eval 225: best chi2 25139.65
  local-opt eval 250: best chi2 25139.65
  local-opt eval 275: best chi2 25139.65
  local-opt eval 300: best chi2 25139.65
  local-opt eval 325: best chi2 25139.65
  local-opt eval 350: best chi2 25139.65
  local-opt eval 375: best chi2 25139.65
  local-opt eval 400: best chi2 25139.65
  local-opt eval 425: best chi2 25139.65
  local-opt eval 450: best chi2 25139.65
  local-opt eval 475: best chi2 25139.65
  local-opt eval 500: best chi2 25139.65
  local-opt eval 525: best chi2 25139.65
  local-opt eval 550: best chi2 25139.65
  local-opt eval 575: best chi2 25139.65
local-opt (Nelder-Mead) chi2=25139.65 after 591 evals v=[78.96264, 0.0007, 0.32002, 0.49388, 0.75852, -0.08027, -0.07353]
