=== J160415.99-562627.3 2026-10-02T15:59:15.266966+00:00  P=2.207665 t0=4138.07428 Teff1=10970 M1~3.09 q=0.8 distortion=roche nbins=206
  eccentric: secondary at phase 0.5410 -> ecosw0=0.0644, esinw0=-0.009
  sma=12.65 Rsun, eclipse width 0.094 -> rsum0=0.155, teffratio0=0.98
  grid 1: chi2=961775.0 v=[74.0, 0.0, 0.1083, 0.5, 0.7873, 0.0644, -0.0093]
  grid 2: chi2=961598.1 v=[74.0, 0.0, 0.1083, 0.5, 0.9841, 0.0644, -0.0093]
  grid 10: chi2=959473.2 v=[74.0, 0.0, 0.1315, 0.5, 0.7873, 0.0644, -0.0093]
  grid 11: chi2=959244.5 v=[74.0, 0.0, 0.1315, 0.5, 0.9841, 0.0644, -0.0093]
  grid 19: chi2=956060.0 v=[74.0, 0.0, 0.1547, 0.5, 0.7873, 0.0644, -0.0093]
  grid 20: chi2=955827.8 v=[74.0, 0.0, 0.1547, 0.5, 0.9841, 0.0644, -0.0093]
  grid 28: chi2=950321.4 v=[74.0, 0.0, 0.1857, 0.5, 0.7873, 0.0644, -0.0093]
  grid 29: chi2=950093.5 v=[74.0, 0.0, 0.1857, 0.5, 0.9841, 0.0644, -0.0093]
  grid 37: chi2=941514.8 v=[74.0, 0.0, 0.2166, 0.5, 0.7873, 0.0644, -0.0093]
  grid 38: chi2=941273.7 v=[74.0, 0.0, 0.2166, 0.5, 0.9841, 0.0644, -0.0093]
  grid 82: chi2=877244.9 v=[80.0, 0.0, 0.2166, 0.5, 0.7873, 0.0644, -0.0093]
  grid 83: chi2=860263.5 v=[80.0, 0.0, 0.2166, 0.5, 0.9841, 0.0644, -0.0093]
  grid 84: chi2=846653.7 v=[80.0, 0.0, 0.2166, 0.5, 1.181, 0.0644, -0.0093]
  grid 110: chi2=831202.4 v=[84.0, 0.0, 0.1547, 0.5, 0.9841, 0.0644, -0.0093]
  grid 111: chi2=806895.5 v=[84.0, 0.0, 0.1547, 0.5, 1.181, 0.0644, -0.0093]
  grid 114: chi2=798086.6 v=[84.0, 0.0, 0.1547, 0.75, 1.181, 0.0644, -0.0093]
  grid 118: chi2=708050.2 v=[84.0, 0.0, 0.1857, 0.5, 0.7873, 0.0644, -0.0093]
  grid 119: chi2=665696.5 v=[84.0, 0.0, 0.1857, 0.5, 0.9841, 0.0644, -0.0093]
