=== J160415.99-562627.3 2026-10-02T19:19:42.927378+00:00  P=2.207665 t0=4138.07428 Teff1=10970 M1~3.09 q=0.8 distortion=roche nbins=204
  eccentric: secondary at phase 0.5406 -> ecosw0=0.0638, esinw0=0.000
  sma=12.65 Rsun, eclipse width 0.112 -> rsum0=0.293, teffratio0=0.98
  grid 1: chi2=839973.2 v=[74.0, 0.0, 0.2051, 0.5, 0.787, 0.0638, 0.0]
  grid 2: chi2=837742.0 v=[74.0, 0.0, 0.2051, 0.5, 0.9838, 0.0638, 0.0]
  grid 3: chi2=836978.0 v=[74.0, 0.0, 0.2051, 0.5, 1.1806, 0.0638, 0.0]
  grid 10: chi2=826833.2 v=[74.0, 0.0, 0.249, 0.5, 0.787, 0.0638, 0.0]
  grid 11: chi2=824001.5 v=[74.0, 0.0, 0.249, 0.5, 0.9838, 0.0638, 0.0]
  grid 12: chi2=823485.0 v=[74.0, 0.0, 0.249, 0.5, 1.1806, 0.0638, 0.0]
  grid 19: chi2=799886.2 v=[74.0, 0.0, 0.2929, 0.5, 0.787, 0.0638, 0.0]
  grid 20: chi2=792036.0 v=[74.0, 0.0, 0.2929, 0.5, 0.9838, 0.0638, 0.0]
  grid 21: chi2=787838.4 v=[74.0, 0.0, 0.2929, 0.5, 1.1806, 0.0638, 0.0]
  grid 28: chi2=668516.3 v=[74.0, 0.0, 0.3515, 0.5, 0.787, 0.0638, 0.0]
  grid 29: chi2=629722.4 v=[74.0, 0.0, 0.3515, 0.5, 0.9838, 0.0638, 0.0]
  grid 30: chi2=599203.6 v=[74.0, 0.0, 0.3515, 0.5, 1.1806, 0.0638, 0.0]
  grid 37: chi2=505052.1 v=[74.0, 0.0, 0.4101, 0.5, 0.787, 0.0638, 0.0]
  grid 38: chi2=434418.0 v=[74.0, 0.0, 0.4101, 0.5, 0.9838, 0.0638, 0.0]
  grid 39: chi2=380481.8 v=[74.0, 0.0, 0.4101, 0.5, 1.1806, 0.0638, 0.0]
  grid 42: chi2=369715.5 v=[74.0, 0.0, 0.4101, 0.75, 1.1806, 0.0638, 0.0]
  grid 69: chi2=361768.3 v=[80.0, 0.0, 0.2929, 0.75, 1.1806, 0.0638, 0.0]
  grid 73: chi2=358952.2 v=[80.0, 0.0, 0.3515, 0.5, 0.787, 0.0638, 0.0]
  grid 74: chi2=257106.2 v=[80.0, 0.0, 0.3515, 0.5, 0.9838, 0.0638, 0.0]
  grid 75: chi2=188940.8 v=[80.0, 0.0, 0.3515, 0.5, 1.1806, 0.0638, 0.0]
  grid 78: chi2=155502.1 v=[80.0, 0.0, 0.3515, 0.75, 1.1806, 0.0638, 0.0]
  grid 83: chi2=148415.1 v=[80.0, 0.0, 0.4101, 0.5, 0.9838, 0.0638, 0.0]
  grid 84: chi2=93633.4 v=[80.0, 0.0, 0.4101, 0.5, 1.1806, 0.0638, 0.0]
  grid 86: chi2=75131.0 v=[80.0, 0.0, 0.4101, 0.75, 0.9838, 0.0638, 0.0]
  grid 87: chi2=51302.7 v=[80.0, 0.0, 0.4101, 0.75, 1.1806, 0.0638, 0.0]
  grid 90: chi2=50531.2 v=[80.0, 0.0, 0.4101, 1.0, 1.1806, 0.0638, 0.0]
  grid 122: chi2=33702.0 v=[84.0, 0.0, 0.3515, 0.75, 0.9838, 0.0638, 0.0]
  grid 125: chi2=24439.4 v=[84.0, 0.0, 0.3515, 1.0, 0.9838, 0.0638, 0.0]
  grid 131: chi2=6403.2 v=[84.0, 0.0, 0.4101, 0.75, 0.9838, 0.0638, 0.0]
  grid 134: chi2=5188.7 v=[84.0, 0.0, 0.4101, 1.0, 0.9838, 0.0638, 0.0]
grid best chi2=5188.73 (577s)
  local-opt eval 25: best chi2 1790.89
  local-opt eval 50: best chi2 829.17
  local-opt eval 75: best chi2 651.44
  local-opt eval 100: best chi2 622.10
  local-opt eval 125: best chi2 619.99
  local-opt eval 150: best chi2 619.99
  local-opt eval 175: best chi2 619.75
  local-opt eval 200: best chi2 619.75
  local-opt eval 225: best chi2 619.75
  local-opt eval 250: best chi2 586.21
  local-opt eval 275: best chi2 561.37
  local-opt eval 300: best chi2 553.79
  local-opt eval 325: best chi2 544.06
  local-opt eval 350: best chi2 544.06
  local-opt eval 375: best chi2 544.06
  local-opt eval 400: best chi2 544.06
  local-opt eval 425: best chi2 544.06
  local-opt eval 450: best chi2 544.06
  local-opt eval 475: best chi2 544.06
  local-opt eval 500: best chi2 544.06
  local-opt eval 525: best chi2 544.06
  local-opt eval 550: best chi2 544.06
  local-opt eval 575: best chi2 544.06
  local-opt eval 600: best chi2 544.06
local-opt (Nelder-Mead) chi2=544.06 after 605 evals v=[84.4411, 0.00082, 0.38358, 0.99988, 0.97114, 0.06206, 0.01152]
