=== J160415.99-562627.3 2026-10-02T16:12:26.313548+00:00  P=2.207665 t0=4138.07428 Teff1=10970 M1~3.09 q=0.8 distortion=roche nbins=206
  eccentric: secondary at phase 0.5410 -> ecosw0=0.0644, esinw0=-0.009
  sma=12.65 Rsun, eclipse width 0.094 -> rsum0=0.155, teffratio0=0.98
  grid 1: chi2=961775.0 v=[74.0, 0.0, 0.1083, 0.5, 0.7873, 0.0644, -0.0093]
  grid 2: chi2=961598.1 v=[74.0, 0.0, 0.1083, 0.5, 0.9841, 0.0644, -0.0093]
  grid 10: chi2=959473.2 v=[74.0, 0.0, 0.1315, 0.5, 0.7873, 0.0644, -0.0093]
  grid 11: chi2=959244.5 v=[74.0, 0.0, 0.1315, 0.5, 0.9841, 0.0644, -0.0093]
  grid 19: chi2=956060.0 v=[74.0, 0.0, 0.1547, 0.5, 0.7873, 0.0644, -0.0093]
  grid 20: chi2=955827.8 v=[74.0, 0.0, 0.1547, 0.5, 0.9841, 0.0644, -0.0093]
  grid 28: chi2=950321.4 v=[74.0, 0.0, 0.1857, 0.5, 0.7873, 0.0644, -0.0093]
  grid 29: chi2=950093.5 v=[74.0, 0.0, 0.1857, 0.5, 0.9841, 0.0644, -0.0093]
  grid 37: chi2=941514.8 v=[74.0, 0.0, 0.2166, 0.5, 0.7873, 0.0644, -0.0093]
  grid 38: chi2=941273.7 v=[74.0, 0.0, 0.2166, 0.5, 0.9841, 0.0644, -0.0093]
  grid 82: chi2=877244.9 v=[80.0, 0.0, 0.2166, 0.5, 0.7873, 0.0644, -0.0093]
  grid 83: chi2=860263.5 v=[80.0, 0.0, 0.2166, 0.5, 0.9841, 0.0644, -0.0093]
  grid 84: chi2=846653.7 v=[80.0, 0.0, 0.2166, 0.5, 1.181, 0.0644, -0.0093]
  grid 110: chi2=831202.4 v=[84.0, 0.0, 0.1547, 0.5, 0.9841, 0.0644, -0.0093]
  grid 111: chi2=806895.5 v=[84.0, 0.0, 0.1547, 0.5, 1.181, 0.0644, -0.0093]
  grid 114: chi2=798086.6 v=[84.0, 0.0, 0.1547, 0.75, 1.181, 0.0644, -0.0093]
  grid 118: chi2=708050.2 v=[84.0, 0.0, 0.1857, 0.5, 0.7873, 0.0644, -0.0093]
  grid 119: chi2=665696.5 v=[84.0, 0.0, 0.1857, 0.5, 0.9841, 0.0644, -0.0093]
  grid 120: chi2=634129.0 v=[84.0, 0.0, 0.1857, 0.5, 1.181, 0.0644, -0.0093]
  grid 122: chi2=628101.8 v=[84.0, 0.0, 0.1857, 0.75, 0.9841, 0.0644, -0.0093]
  grid 123: chi2=611542.5 v=[84.0, 0.0, 0.1857, 0.75, 1.181, 0.0644, -0.0093]
  grid 127: chi2=565204.6 v=[84.0, 0.0, 0.2166, 0.5, 0.7873, 0.0644, -0.0093]
  grid 128: chi2=515617.7 v=[84.0, 0.0, 0.2166, 0.5, 0.9841, 0.0644, -0.0093]
  grid 129: chi2=483699.0 v=[84.0, 0.0, 0.2166, 0.5, 1.181, 0.0644, -0.0093]
  grid 131: chi2=460271.8 v=[84.0, 0.0, 0.2166, 0.75, 0.9841, 0.0644, -0.0093]
  grid 132: chi2=450881.1 v=[84.0, 0.0, 0.2166, 0.75, 1.181, 0.0644, -0.0093]
  grid 134: chi2=445518.5 v=[84.0, 0.0, 0.2166, 1.0, 0.9841, 0.0644, -0.0093]
  grid 164: chi2=441764.4 v=[87.0, 0.0, 0.1857, 0.5, 0.9841, 0.0644, -0.0093]
  grid 165: chi2=413482.1 v=[87.0, 0.0, 0.1857, 0.5, 1.181, 0.0644, -0.0093]
  grid 166: chi2=391527.1 v=[87.0, 0.0, 0.1857, 0.75, 0.7873, 0.0644, -0.0093]
  grid 167: chi2=364648.6 v=[87.0, 0.0, 0.1857, 0.75, 0.9841, 0.0644, -0.0093]
  grid 169: chi2=352709.2 v=[87.0, 0.0, 0.1857, 1.0, 0.7873, 0.0644, -0.0093]
  grid 170: chi2=349498.3 v=[87.0, 0.0, 0.1857, 1.0, 0.9841, 0.0644, -0.0093]
  grid 173: chi2=345861.6 v=[87.0, 0.0, 0.2166, 0.5, 0.9841, 0.0644, -0.0093]
  grid 174: chi2=318946.8 v=[87.0, 0.0, 0.2166, 0.5, 1.181, 0.0644, -0.0093]
  grid 175: chi2=288336.5 v=[87.0, 0.0, 0.2166, 0.75, 0.7873, 0.0644, -0.0093]
  grid 176: chi2=259666.5 v=[87.0, 0.0, 0.2166, 0.75, 0.9841, 0.0644, -0.0093]
  grid 178: chi2=252860.2 v=[87.0, 0.0, 0.2166, 1.0, 0.7873, 0.0644, -0.0093]
  grid 179: chi2=245285.8 v=[87.0, 0.0, 0.2166, 1.0, 0.9841, 0.0644, -0.0093]
