=== J160415.99-562627.3 2026-10-04T13:22:40.712426+00:00  P=2.207665 t0=4138.07428 Teff1=14140 M1~5.55 q=0.8 distortion=roche nbins=204
  eccentric: secondary at phase 0.5406 -> ecosw0=0.0638, esinw0=0.000
  sma=15.36 Rsun, eclipse width 0.112 -> rsum0=0.293, teffratio0=0.98
  grid 1: chi2=840106.0 v=[74.0, -0.0001, 0.2051, 0.5, 0.787, 0.0638, 0.0, 0.8]
  grid 2: chi2=837945.0 v=[74.0, -0.0001, 0.2051, 0.5, 0.9838, 0.0638, 0.0, 0.8]
  grid 3: chi2=837236.0 v=[74.0, -0.0001, 0.2051, 0.5, 1.1806, 0.0638, 0.0, 0.8]
  grid 13: chi2=828083.2 v=[74.0, -0.0001, 0.249, 0.5, 0.787, 0.0638, 0.0, 0.8]
  grid 14: chi2=825117.0 v=[74.0, -0.0001, 0.249, 0.5, 0.9838, 0.0638, 0.0, 0.8]
  grid 15: chi2=824413.5 v=[74.0, -0.0001, 0.249, 0.5, 1.1806, 0.0638, 0.0, 0.8]
  grid 25: chi2=801327.5 v=[74.0, -0.0001, 0.2929, 0.5, 0.787, 0.0638, 0.0, 0.8]
  grid 26: chi2=793830.7 v=[74.0, -0.0001, 0.2929, 0.5, 0.9838, 0.0638, 0.0, 0.8]
  grid 27: chi2=789871.2 v=[74.0, -0.0001, 0.2929, 0.5, 1.1806, 0.0638, 0.0, 0.8]
  grid 37: chi2=666389.1 v=[74.0, -0.0001, 0.3515, 0.5, 0.787, 0.0638, 0.0, 0.8]
  grid 38: chi2=631809.5 v=[74.0, -0.0001, 0.3515, 0.5, 0.9838, 0.0638, 0.0, 0.8]
  grid 39: chi2=604944.1 v=[74.0, -0.0001, 0.3515, 0.5, 1.1806, 0.0638, 0.0, 0.8]
  grid 49: chi2=498383.1 v=[74.0, -0.0001, 0.4101, 0.5, 0.787, 0.0638, 0.0, 0.8]
  grid 50: chi2=436486.8 v=[74.0, -0.0001, 0.4101, 0.5, 0.9838, 0.0638, 0.0, 0.8]
  grid 51: chi2=389003.7 v=[74.0, -0.0001, 0.4101, 0.5, 1.1806, 0.0638, 0.0, 0.8]
  grid 54: chi2=375612.6 v=[74.0, -0.0001, 0.4101, 0.75, 1.1806, 0.0638, 0.0, 0.8]
  grid 90: chi2=367406.1 v=[80.0, -0.0001, 0.2929, 0.75, 1.1806, 0.0638, 0.0, 0.8]
  grid 97: chi2=346297.9 v=[80.0, -0.0001, 0.3515, 0.5, 0.787, 0.0638, 0.0, 0.8]
  grid 98: chi2=258142.9 v=[80.0, -0.0001, 0.3515, 0.5, 0.9838, 0.0638, 0.0, 0.8]
  grid 99: chi2=197582.4 v=[80.0, -0.0001, 0.3515, 0.5, 1.1806, 0.0638, 0.0, 0.8]
  grid 102: chi2=160002.8 v=[80.0, -0.0001, 0.3515, 0.75, 1.1806, 0.0638, 0.0, 0.8]
  grid 110: chi2=148261.0 v=[80.0, -0.0001, 0.4101, 0.5, 0.9838, 0.0638, 0.0, 0.8]
  grid 111: chi2=98168.5 v=[80.0, -0.0001, 0.4101, 0.5, 1.1806, 0.0638, 0.0, 0.8]
  grid 113: chi2=75265.1 v=[80.0, -0.0001, 0.4101, 0.75, 0.9838, 0.0638, 0.0, 0.8]
  grid 114: chi2=52025.5 v=[80.0, -0.0001, 0.4101, 0.75, 1.1806, 0.0638, 0.0, 0.8]
  grid 117: chi2=50401.3 v=[80.0, -0.0001, 0.4101, 1.0, 1.1806, 0.0638, 0.0, 0.8]
  grid 161: chi2=33799.1 v=[84.0, -0.0001, 0.3515, 0.75, 0.9838, 0.0638, 0.0, 0.8]
  grid 162: chi2=31504.1 v=[84.0, -0.0001, 0.3515, 0.75, 1.1806, 0.0638, 0.0, 0.8]
  grid 164: chi2=24448.6 v=[84.0, -0.0001, 0.3515, 1.0, 0.9838, 0.0638, 0.0, 0.8]
  grid 173: chi2=6279.5 v=[84.0, -0.0001, 0.4101, 0.75, 0.9838, 0.0638, 0.0, 0.8]
  grid 176: chi2=5023.7 v=[84.0, -0.0001, 0.4101, 1.0, 0.9838, 0.0638, 0.0, 0.8]
grid best chi2=5023.66 (3420s)
