=== J160415.99-562627.3 2026-10-02T19:52:42.849476+00:00  P=2.207665 t0=4138.07428 Teff1=10970 M1~3.09 q=0.8 distortion=roche nbins=204
  eccentric: secondary at phase 0.5406 -> ecosw0=0.0638, esinw0=0.000
  sma=12.65 Rsun, eclipse width 0.112 -> rsum0=0.293, teffratio0=0.98
  grid 1: chi2=839831.5 v=[74.0, -0.0001, 0.2051, 0.5, 0.787, 0.0638, 0.0, 0.8]
  grid 2: chi2=837710.9 v=[74.0, -0.0001, 0.2051, 0.5, 0.9838, 0.0638, 0.0, 0.8]
  grid 3: chi2=837050.2 v=[74.0, -0.0001, 0.2051, 0.5, 1.1806, 0.0638, 0.0, 0.8]
  grid 13: chi2=827267.8 v=[74.0, -0.0001, 0.249, 0.5, 0.787, 0.0638, 0.0, 0.8]
  grid 14: chi2=824303.5 v=[74.0, -0.0001, 0.249, 0.5, 0.9838, 0.0638, 0.0, 0.8]
  grid 15: chi2=823665.3 v=[74.0, -0.0001, 0.249, 0.5, 1.1806, 0.0638, 0.0, 0.8]
  grid 25: chi2=800294.6 v=[74.0, -0.0001, 0.2929, 0.5, 0.787, 0.0638, 0.0, 0.8]
  grid 26: chi2=792393.6 v=[74.0, -0.0001, 0.2929, 0.5, 0.9838, 0.0638, 0.0, 0.8]
  grid 27: chi2=788154.5 v=[74.0, -0.0001, 0.2929, 0.5, 1.1806, 0.0638, 0.0, 0.8]
  grid 37: chi2=668128.5 v=[74.0, -0.0001, 0.3515, 0.5, 0.787, 0.0638, 0.0, 0.8]
  grid 38: chi2=629268.3 v=[74.0, -0.0001, 0.3515, 0.5, 0.9838, 0.0638, 0.0, 0.8]
  grid 39: chi2=598695.8 v=[74.0, -0.0001, 0.3515, 0.5, 1.1806, 0.0638, 0.0, 0.8]
  grid 49: chi2=505790.3 v=[74.0, -0.0001, 0.4101, 0.5, 0.787, 0.0638, 0.0, 0.8]
  grid 50: chi2=434964.7 v=[74.0, -0.0001, 0.4101, 0.5, 0.9838, 0.0638, 0.0, 0.8]
  grid 51: chi2=380852.3 v=[74.0, -0.0001, 0.4101, 0.5, 1.1806, 0.0638, 0.0, 0.8]
  grid 54: chi2=369670.3 v=[74.0, -0.0001, 0.4101, 0.75, 1.1806, 0.0638, 0.0, 0.8]
  grid 90: chi2=361643.9 v=[80.0, -0.0001, 0.2929, 0.75, 1.1806, 0.0638, 0.0, 0.8]
  grid 97: chi2=358965.6 v=[80.0, -0.0001, 0.3515, 0.5, 0.787, 0.0638, 0.0, 0.8]
  grid 98: chi2=257061.7 v=[80.0, -0.0001, 0.3515, 0.5, 0.9838, 0.0638, 0.0, 0.8]
  grid 99: chi2=188891.4 v=[80.0, -0.0001, 0.3515, 0.5, 1.1806, 0.0638, 0.0, 0.8]
  grid 102: chi2=155362.3 v=[80.0, -0.0001, 0.3515, 0.75, 1.1806, 0.0638, 0.0, 0.8]
  grid 110: chi2=148352.4 v=[80.0, -0.0001, 0.4101, 0.5, 0.9838, 0.0638, 0.0, 0.8]
  grid 111: chi2=93659.1 v=[80.0, -0.0001, 0.4101, 0.5, 1.1806, 0.0638, 0.0, 0.8]
  grid 113: chi2=75087.7 v=[80.0, -0.0001, 0.4101, 0.75, 0.9838, 0.0638, 0.0, 0.8]
  grid 114: chi2=51448.1 v=[80.0, -0.0001, 0.4101, 0.75, 1.1806, 0.0638, 0.0, 0.8]
  grid 117: chi2=50688.4 v=[80.0, -0.0001, 0.4101, 1.0, 1.1806, 0.0638, 0.0, 0.8]
  grid 161: chi2=33618.6 v=[84.0, -0.0001, 0.3515, 0.75, 0.9838, 0.0638, 0.0, 0.8]
  grid 164: chi2=24290.9 v=[84.0, -0.0001, 0.3515, 1.0, 0.9838, 0.0638, 0.0, 0.8]
  grid 173: chi2=6503.1 v=[84.0, -0.0001, 0.4101, 0.75, 0.9838, 0.0638, 0.0, 0.8]
  grid 176: chi2=5208.0 v=[84.0, -0.0001, 0.4101, 1.0, 0.9838, 0.0638, 0.0, 0.8]
grid best chi2=5208.04 (652s)
  local-opt eval 25: best chi2 1953.22
  local-opt eval 50: best chi2 813.56
  local-opt eval 75: best chi2 678.80
  local-opt eval 100: best chi2 579.02
  local-opt eval 125: best chi2 535.32
  local-opt eval 150: best chi2 521.45
  local-opt eval 175: best chi2 521.17
  local-opt eval 200: best chi2 521.17
  local-opt eval 225: best chi2 521.17
  local-opt eval 250: best chi2 521.17
  local-opt eval 275: best chi2 516.97
  local-opt eval 300: best chi2 503.18
  local-opt eval 325: best chi2 503.18
  local-opt eval 350: best chi2 503.18
  local-opt eval 375: best chi2 503.18
