=== J160415.99-562627.3 2026-10-02T16:24:12.434518+00:00  P=2.207665 t0=4138.07428 Teff1=10970 M1~3.09 q=0.8 distortion=roche nbins=204
  eccentric: secondary at phase 0.5406 -> ecosw0=0.0638, esinw0=0.000
  sma=12.65 Rsun, eclipse width 0.112 -> rsum0=0.293, teffratio0=0.98
  grid 1: chi2=839973.2 v=[74.0, 0.0, 0.2051, 0.5, 0.787, 0.0638, 0.0]
  grid 2: chi2=837742.0 v=[74.0, 0.0, 0.2051, 0.5, 0.9838, 0.0638, 0.0]
  grid 3: chi2=836978.0 v=[74.0, 0.0, 0.2051, 0.5, 1.1806, 0.0638, 0.0]
  grid 10: chi2=826833.2 v=[74.0, 0.0, 0.249, 0.5, 0.787, 0.0638, 0.0]
  grid 11: chi2=824001.5 v=[74.0, 0.0, 0.249, 0.5, 0.9838, 0.0638, 0.0]
  grid 12: chi2=823485.0 v=[74.0, 0.0, 0.249, 0.5, 1.1806, 0.0638, 0.0]
  grid 19: chi2=799886.2 v=[74.0, 0.0, 0.2929, 0.5, 0.787, 0.0638, 0.0]
  grid 20: chi2=792036.0 v=[74.0, 0.0, 0.2929, 0.5, 0.9838, 0.0638, 0.0]
  grid 21: chi2=787838.4 v=[74.0, 0.0, 0.2929, 0.5, 1.1806, 0.0638, 0.0]
  grid 28: chi2=668516.3 v=[74.0, 0.0, 0.3515, 0.5, 0.787, 0.0638, 0.0]
  grid 29: chi2=629722.4 v=[74.0, 0.0, 0.3515, 0.5, 0.9838, 0.0638, 0.0]
  grid 30: chi2=599203.6 v=[74.0, 0.0, 0.3515, 0.5, 1.1806, 0.0638, 0.0]
  grid 37: chi2=505052.1 v=[74.0, 0.0, 0.4101, 0.5, 0.787, 0.0638, 0.0]
  grid 38: chi2=434418.0 v=[74.0, 0.0, 0.4101, 0.5, 0.9838, 0.0638, 0.0]
  grid 39: chi2=380481.8 v=[74.0, 0.0, 0.4101, 0.5, 1.1806, 0.0638, 0.0]
  grid 42: chi2=369715.5 v=[74.0, 0.0, 0.4101, 0.75, 1.1806, 0.0638, 0.0]
  grid 69: chi2=361768.3 v=[80.0, 0.0, 0.2929, 0.75, 1.1806, 0.0638, 0.0]
  grid 73: chi2=358952.2 v=[80.0, 0.0, 0.3515, 0.5, 0.787, 0.0638, 0.0]
  grid 74: chi2=257106.2 v=[80.0, 0.0, 0.3515, 0.5, 0.9838, 0.0638, 0.0]
  grid 75: chi2=188940.8 v=[80.0, 0.0, 0.3515, 0.5, 1.1806, 0.0638, 0.0]
  grid 78: chi2=155502.1 v=[80.0, 0.0, 0.3515, 0.75, 1.1806, 0.0638, 0.0]
  grid 83: chi2=148415.1 v=[80.0, 0.0, 0.4101, 0.5, 0.9838, 0.0638, 0.0]
  grid 84: chi2=93633.4 v=[80.0, 0.0, 0.4101, 0.5, 1.1806, 0.0638, 0.0]
  grid 86: chi2=75131.0 v=[80.0, 0.0, 0.4101, 0.75, 0.9838, 0.0638, 0.0]
  grid 87: chi2=51302.7 v=[80.0, 0.0, 0.4101, 0.75, 1.1806, 0.0638, 0.0]
  grid 90: chi2=50531.2 v=[80.0, 0.0, 0.4101, 1.0, 1.1806, 0.0638, 0.0]
  grid 122: chi2=33702.0 v=[84.0, 0.0, 0.3515, 0.75, 0.9838, 0.0638, 0.0]
  grid 125: chi2=24439.4 v=[84.0, 0.0, 0.3515, 1.0, 0.9838, 0.0638, 0.0]
  grid 131: chi2=6403.2 v=[84.0, 0.0, 0.4101, 0.75, 0.9838, 0.0638, 0.0]
  grid 134: chi2=5188.7 v=[84.0, 0.0, 0.4101, 1.0, 0.9838, 0.0638, 0.0]
