=== J160415.99-562627.3 2026-10-07T07:53:06.310265+00:00  P=2.207665 t0=4138.07428 Teff1=15554 M1~6.91 q=0.8 distortion=roche nbins=204
  eccentric: secondary at phase 0.5406 -> ecosw0=0.0638, esinw0=0.000
  sma=16.53 Rsun, eclipse width 0.112 -> rsum0=0.293, teffratio0=0.98
  grid 1: chi2=840423.0 v=[74.0, -0.0001, 0.2051, 0.5, 0.787, 0.0638, 0.0, 0.8]
  grid 2: chi2=838232.7 v=[74.0, -0.0001, 0.2051, 0.5, 0.9838, 0.0638, 0.0, 0.8]
  grid 3: chi2=837481.1 v=[74.0, -0.0001, 0.2051, 0.5, 1.1806, 0.0638, 0.0, 0.8]
  grid 13: chi2=827744.2 v=[74.0, -0.0001, 0.249, 0.5, 0.787, 0.0638, 0.0, 0.8]
  grid 14: chi2=824822.9 v=[74.0, -0.0001, 0.249, 0.5, 0.9838, 0.0638, 0.0, 0.8]
  grid 15: chi2=824116.4 v=[74.0, -0.0001, 0.249, 0.5, 1.1806, 0.0638, 0.0, 0.8]
  grid 25: chi2=801010.2 v=[74.0, -0.0001, 0.2929, 0.5, 0.787, 0.0638, 0.0, 0.8]
  grid 26: chi2=793726.0 v=[74.0, -0.0001, 0.2929, 0.5, 0.9838, 0.0638, 0.0, 0.8]
  grid 27: chi2=789900.2 v=[74.0, -0.0001, 0.2929, 0.5, 1.1806, 0.0638, 0.0, 0.8]
  grid 37: chi2=666012.2 v=[74.0, -0.0001, 0.3515, 0.5, 0.787, 0.0638, 0.0, 0.8]
  grid 38: chi2=632870.6 v=[74.0, -0.0001, 0.3515, 0.5, 0.9838, 0.0638, 0.0, 0.8]
  grid 39: chi2=607174.6 v=[74.0, -0.0001, 0.3515, 0.5, 1.1806, 0.0638, 0.0, 0.8]
  grid 49: chi2=496098.4 v=[74.0, -0.0001, 0.4101, 0.5, 0.787, 0.0638, 0.0, 0.8]
  grid 50: chi2=437041.3 v=[74.0, -0.0001, 0.4101, 0.5, 0.9838, 0.0638, 0.0, 0.8]
  grid 51: chi2=391614.3 v=[74.0, -0.0001, 0.4101, 0.5, 1.1806, 0.0638, 0.0, 0.8]
  grid 54: chi2=377317.1 v=[74.0, -0.0001, 0.4101, 0.75, 1.1806, 0.0638, 0.0, 0.8]
  grid 90: chi2=368470.9 v=[80.0, -0.0001, 0.2929, 0.75, 1.1806, 0.0638, 0.0, 0.8]
  grid 97: chi2=342905.7 v=[80.0, -0.0001, 0.3515, 0.5, 0.787, 0.0638, 0.0, 0.8]
  grid 98: chi2=258980.0 v=[80.0, -0.0001, 0.3515, 0.5, 0.9838, 0.0638, 0.0, 0.8]
  grid 99: chi2=200773.4 v=[80.0, -0.0001, 0.3515, 0.5, 1.1806, 0.0638, 0.0, 0.8]
  grid 102: chi2=161702.5 v=[80.0, -0.0001, 0.3515, 0.75, 1.1806, 0.0638, 0.0, 0.8]
  grid 110: chi2=148117.2 v=[80.0, -0.0001, 0.4101, 0.5, 0.9838, 0.0638, 0.0, 0.8]
  grid 111: chi2=99566.3 v=[80.0, -0.0001, 0.4101, 0.5, 1.1806, 0.0638, 0.0, 0.8]
  grid 113: chi2=75436.5 v=[80.0, -0.0001, 0.4101, 0.75, 0.9838, 0.0638, 0.0, 0.8]
  grid 114: chi2=52504.4 v=[80.0, -0.0001, 0.4101, 0.75, 1.1806, 0.0638, 0.0, 0.8]
  grid 117: chi2=50396.0 v=[80.0, -0.0001, 0.4101, 1.0, 1.1806, 0.0638, 0.0, 0.8]
