=== J141909.42-565518.1 2026-10-02T16:12:26.289759+00:00  P=16.633733 t0=4084.88111 Teff1=10875 M1~3.03 q=0.8 distortion=sphere nbins=237
  eccentric: secondary at phase 0.5780 -> ecosw0=0.1225, esinw0=0.149
  sma=48.28 Rsun, eclipse width 0.035 -> rsum0=0.060, teffratio0=0.98
  grid 1: chi2=135070.9 v=[74.0, 0.0, 0.042, 0.5, 0.7859, 0.1225, 0.1489]
  grid 4: chi2=135068.4 v=[74.0, 0.0, 0.042, 0.75, 0.7859, 0.1225, 0.1489]
  grid 10: chi2=135067.1 v=[74.0, 0.0, 0.051, 0.5, 0.7859, 0.1225, 0.1489]
  grid 13: chi2=135062.8 v=[74.0, 0.0, 0.051, 0.75, 0.7859, 0.1225, 0.1489]
  grid 19: chi2=135062.7 v=[74.0, 0.0, 0.06, 0.5, 0.7859, 0.1225, 0.1489]
  grid 22: chi2=135056.5 v=[74.0, 0.0, 0.06, 0.75, 0.7859, 0.1225, 0.1489]
  grid 25: chi2=135055.5 v=[74.0, 0.0, 0.06, 1.0, 0.7859, 0.1225, 0.1489]
  grid 31: chi2=135047.4 v=[74.0, 0.0, 0.072, 0.75, 0.7859, 0.1225, 0.1489]
  grid 34: chi2=135044.9 v=[74.0, 0.0, 0.072, 1.0, 0.7859, 0.1225, 0.1489]
  grid 40: chi2=135037.8 v=[74.0, 0.0, 0.084, 0.75, 0.7859, 0.1225, 0.1489]
  grid 145: chi2=132475.8 v=[87.0, 0.0, 0.051, 0.5, 0.7859, 0.1225, 0.1489]
  grid 148: chi2=131568.6 v=[87.0, 0.0, 0.051, 0.75, 0.7859, 0.1225, 0.1489]
  grid 151: chi2=131028.2 v=[87.0, 0.0, 0.051, 1.0, 0.7859, 0.1225, 0.1489]
  grid 154: chi2=122818.9 v=[87.0, 0.0, 0.06, 0.5, 0.7859, 0.1225, 0.1489]
  grid 157: chi2=119803.7 v=[87.0, 0.0, 0.06, 0.75, 0.7859, 0.1225, 0.1489]
  grid 160: chi2=118105.8 v=[87.0, 0.0, 0.06, 1.0, 0.7859, 0.1225, 0.1489]
  grid 163: chi2=104781.5 v=[87.0, 0.0, 0.072, 0.5, 0.7859, 0.1225, 0.1489]
  grid 166: chi2=98689.7 v=[87.0, 0.0, 0.072, 0.75, 0.7859, 0.1225, 0.1489]
  grid 169: chi2=95771.5 v=[87.0, 0.0, 0.072, 1.0, 0.7859, 0.1225, 0.1489]
  grid 172: chi2=78565.3 v=[87.0, 0.0, 0.084, 0.5, 0.7859, 0.1225, 0.1489]
  grid 173: chi2=76969.9 v=[87.0, 0.0, 0.084, 0.5, 0.9824, 0.1225, 0.1489]
  grid 174: chi2=76226.3 v=[87.0, 0.0, 0.084, 0.5, 1.1789, 0.1225, 0.1489]
  grid 175: chi2=69055.5 v=[87.0, 0.0, 0.084, 0.75, 0.7859, 0.1225, 0.1489]
  grid 178: chi2=65007.3 v=[87.0, 0.0, 0.084, 1.0, 0.7859, 0.1225, 0.1489]
  grid 200: chi2=61256.2 v=[89.5, 0.0, 0.06, 0.5, 0.9824, 0.1225, 0.1489]
  grid 208: chi2=46585.3 v=[89.5, 0.0, 0.072, 0.5, 0.7859, 0.1225, 0.1489]
  grid 209: chi2=45367.8 v=[89.5, 0.0, 0.072, 0.5, 0.9824, 0.1225, 0.1489]
  grid 217: chi2=32804.2 v=[89.5, 0.0, 0.084, 0.5, 0.7859, 0.1225, 0.1489]
grid best chi2=32804.16 (331s)
  powell eval 25: best chi2 32804.16
  powell eval 50: best chi2 32804.16
  powell eval 75: best chi2 32804.16
  powell eval 100: best chi2 32804.16
powell chi2=32804.16 after 122 evals v=[89.5, 0.0, 0.084, 0.5, 0.78593, 0.12252, 0.14894]
