=== J141909.42-565518.1 2026-10-03T18:53:46.830229+00:00  P=16.633733 t0=4084.88111 Teff1=9790 M1~2.44 q=0.8 distortion=sphere nbins=236
  eccentric: secondary at phase 0.5853 -> ecosw0=0.1339, esinw0=0.143
  sma=44.88 Rsun, eclipse width 0.042 -> rsum0=0.112, teffratio0=0.98
  grid 1: chi2=94972.6 v=[74.0, -0.009, 0.0783, 0.5, 0.7859, 0.1339, 0.1429]
  grid 4: chi2=94957.1 v=[74.0, -0.009, 0.0783, 0.75, 0.7859, 0.1339, 0.1429]
  grid 7: chi2=94952.9 v=[74.0, -0.009, 0.0783, 1.0, 0.7859, 0.1339, 0.1429]
  grid 16: chi2=94930.6 v=[74.0, -0.009, 0.0951, 0.75, 0.7859, 0.1339, 0.1429]
  grid 22: chi2=94925.5 v=[74.0, -0.009, 0.0951, 1.3, 0.7859, 0.1339, 0.1429]
  grid 28: chi2=94902.2 v=[74.0, -0.009, 0.1118, 0.75, 0.7859, 0.1339, 0.1429]
  grid 31: chi2=94888.7 v=[74.0, -0.009, 0.1118, 1.0, 0.7859, 0.1339, 0.1429]
  grid 40: chi2=94864.0 v=[74.0, -0.009, 0.1342, 0.75, 0.7859, 0.1339, 0.1429]
  grid 43: chi2=94844.3 v=[74.0, -0.009, 0.1342, 1.0, 0.7859, 0.1339, 0.1429]
  grid 52: chi2=94829.5 v=[74.0, -0.009, 0.1566, 0.75, 0.7859, 0.1339, 0.1429]
  grid 55: chi2=94804.5 v=[74.0, -0.009, 0.1566, 1.0, 0.7859, 0.1339, 0.1429]
  grid 58: chi2=94799.6 v=[74.0, -0.009, 0.1566, 1.3, 0.7859, 0.1339, 0.1429]
  grid 109: chi2=92819.6 v=[80.0, -0.009, 0.1566, 0.5, 0.7859, 0.1339, 0.1429]
  grid 112: chi2=92197.3 v=[80.0, -0.009, 0.1566, 0.75, 0.7859, 0.1339, 0.1429]
  grid 115: chi2=91807.3 v=[80.0, -0.009, 0.1566, 1.0, 0.7859, 0.1339, 0.1429]
  grid 118: chi2=91575.8 v=[80.0, -0.009, 0.1566, 1.3, 0.7859, 0.1339, 0.1429]
  grid 145: chi2=80859.4 v=[84.0, -0.009, 0.1118, 0.5, 0.7859, 0.1339, 0.1429]
  grid 148: chi2=77319.7 v=[84.0, -0.009, 0.1118, 0.75, 0.7859, 0.1339, 0.1429]
  grid 151: chi2=75263.1 v=[84.0, -0.009, 0.1118, 1.0, 0.7859, 0.1339, 0.1429]
  grid 154: chi2=74126.0 v=[84.0, -0.009, 0.1118, 1.3, 0.7859, 0.1339, 0.1429]
  grid 157: chi2=58037.7 v=[84.0, -0.009, 0.1342, 0.5, 0.7859, 0.1339, 0.1429]
  grid 160: chi2=50278.3 v=[84.0, -0.009, 0.1342, 0.75, 0.7859, 0.1339, 0.1429]
  grid 163: chi2=46349.1 v=[84.0, -0.009, 0.1342, 1.0, 0.7859, 0.1339, 0.1429]
  grid 166: chi2=44537.5 v=[84.0, -0.009, 0.1342, 1.3, 0.7859, 0.1339, 0.1429]
  grid 169: chi2=33878.0 v=[84.0, -0.009, 0.1566, 0.5, 0.7859, 0.1339, 0.1429]
  grid 172: chi2=23901.5 v=[84.0, -0.009, 0.1566, 0.75, 0.7859, 0.1339, 0.1429]
  grid 175: chi2=19972.5 v=[84.0, -0.009, 0.1566, 1.0, 0.7859, 0.1339, 0.1429]
  grid 178: chi2=18488.3 v=[84.0, -0.009, 0.1566, 1.3, 0.7859, 0.1339, 0.1429]
  grid 217: chi2=13457.5 v=[87.0, -0.009, 0.1342, 0.5, 0.7859, 0.1339, 0.1429]
  grid 218: chi2=12200.9 v=[87.0, -0.009, 0.1342, 0.5, 0.9824, 0.1339, 0.1429]
  grid 221: chi2=10488.8 v=[87.0, -0.009, 0.1342, 0.75, 0.9824, 0.1339, 0.1429]
