=== J045912.77+165543.8 2026-10-04T18:55:03.757410+00:00  P=1.022686 t0=3240.05130 Teff1=13966 M1~5.39 q=0.8 distortion=roche nbins=208
  sma=9.11 Rsun, eclipse width 0.108 -> rsum0=0.283, teffratio0=0.72
  grid 1: chi2=371865.8 v=[74.0, 0.0008, 0.198, 0.5, 0.5774, 0.8]
  grid 13: chi2=337571.0 v=[74.0, 0.0008, 0.2405, 0.5, 0.5774, 0.8]
  grid 25: chi2=302932.9 v=[74.0, 0.0008, 0.2829, 0.5, 0.5774, 0.8]
  grid 37: chi2=195662.2 v=[74.0, 0.0008, 0.3395, 0.5, 0.5774, 0.8]
grid best chi2=195662.16 (2279s)
  local-opt eval 25: best chi2 181553.73
  local-opt eval 50: best chi2 172518.62
  local-opt eval 75: best chi2 170091.16
  local-opt eval 100: best chi2 170015.94
  local-opt eval 125: best chi2 169660.15
  local-opt eval 150: best chi2 169660.15
  local-opt eval 175: best chi2 169522.03
  local-opt eval 200: best chi2 168653.08
  local-opt eval 225: best chi2 168653.08
  local-opt eval 250: best chi2 168653.08
  local-opt eval 275: best chi2 168653.08
  local-opt eval 300: best chi2 168653.08
  local-opt eval 325: best chi2 168653.08
  local-opt eval 350: best chi2 168653.08
  local-opt eval 375: best chi2 168653.08
  local-opt eval 400: best chi2 168653.08
  local-opt eval 425: best chi2 168653.08
  local-opt eval 450: best chi2 168653.08
  local-opt eval 475: best chi2 168653.08
  local-opt eval 500: best chi2 168653.08
  local-opt eval 525: best chi2 168653.08
  start 1/3 (grid chi2 195662.2) -> chi2 168653.08
  local-opt eval 25: best chi2 179087.19
  local-opt eval 50: best chi2 172960.48
  local-opt eval 75: best chi2 172087.77
  local-opt eval 100: best chi2 171832.36
  local-opt eval 125: best chi2 171832.36
  local-opt eval 150: best chi2 171804.16
  local-opt eval 175: best chi2 171364.45
  local-opt eval 200: best chi2 170768.70
  local-opt eval 225: best chi2 170402.63
  local-opt eval 250: best chi2 170002.65
  local-opt eval 275: best chi2 170002.65
  local-opt eval 300: best chi2 170002.65
  local-opt eval 325: best chi2 170002.65
  local-opt eval 350: best chi2 170002.65
  local-opt eval 375: best chi2 169974.54
  local-opt eval 400: best chi2 169974.54
  local-opt eval 425: best chi2 169974.54
  local-opt eval 450: best chi2 169974.54
  local-opt eval 475: best chi2 169947.61
  local-opt eval 500: best chi2 169947.61
  local-opt eval 525: best chi2 169947.61
  start 2/3 (grid chi2 196459.2) -> chi2 169947.61
  local-opt eval 25: best chi2 192916.20
  local-opt eval 50: best chi2 177356.48
  local-opt eval 75: best chi2 176287.86
  local-opt eval 100: best chi2 176287.86
  local-opt eval 125: best chi2 176062.87
  local-opt eval 150: best chi2 176062.87
  local-opt eval 175: best chi2 175230.07
  local-opt eval 200: best chi2 175230.07
  local-opt eval 225: best chi2 175230.07
  local-opt eval 250: best chi2 173900.03
  local-opt eval 275: best chi2 173900.03
  local-opt eval 300: best chi2 173900.03
  local-opt eval 325: best chi2 173900.03
  local-opt eval 350: best chi2 173900.03
  local-opt eval 375: best chi2 173900.03
  local-opt eval 400: best chi2 173900.03
  local-opt eval 425: best chi2 173900.03
  local-opt eval 450: best chi2 173900.03
  local-opt eval 475: best chi2 173900.03
  local-opt eval 500: best chi2 173900.03
  start 3/3 (grid chi2 201112.8) -> chi2 173900.03
local-opt (Nelder-Mead) chi2=168653.08 after 1578 evals v=[74.39836, 0.0051, 0.338, 0.59249, 0.31974, 0.86818]
  emcee 14x30 in 1902s, acc=0.49
{"incl": 75.58923127701401, "r1_frac": 0.275484234647798, "r2_frac": 0.07789011842544696, "teffratio": 0.46370274362289887, "chi2_final_hires": 153791.5247949916, "passes_all": false}
photometry: {"chi2": 153791.5247949916, "dof": 201, "chi2_red": 765.131964154187, "rms": 0.009627039502639875, "primary_mean_resid": -0.0008191982902648054, "primary_bias_sigma": -3.410325342089996, "secondary_mean_resid": 0.006667944622925937, "secondary_bias_sigma": 44.751329686297936, "pass_fit": false, "pass_no_eclipse_bias": false}
blackbody: {"status": "no AllWISE row"}
