=== J045912.77+165543.8 2026-10-03T15:50:34.986712+00:00  P=1.022686 t0=3240.05130 Teff1=13966 M1~5.39 q=0.8 distortion=roche nbins=208
  sma=9.11 Rsun, eclipse width 0.108 -> rsum0=0.283, teffratio0=0.72
  grid 1: chi2=323807.8 v=[74.0, 0.0008, 0.198, 0.5, 0.5774, 0.8]
  grid 4: chi2=316311.6 v=[74.0, 0.0008, 0.198, 0.75, 0.5774, 0.8]
  grid 7: chi2=308676.9 v=[74.0, 0.0008, 0.198, 1.0, 0.5774, 0.8]
  grid 10: chi2=298467.9 v=[74.0, 0.0008, 0.198, 1.3, 0.5774, 0.8]
  grid 13: chi2=269617.2 v=[74.0, 0.0008, 0.2405, 0.5, 0.5774, 0.8]
  grid 19: chi2=266184.9 v=[74.0, 0.0008, 0.2405, 1.0, 0.5774, 0.8]
  grid 22: chi2=254001.6 v=[74.0, 0.0008, 0.2405, 1.3, 0.5774, 0.8]
  grid 25: chi2=210990.2 v=[74.0, 0.0008, 0.2829, 0.5, 0.5774, 0.8]
  grid 31: chi2=210149.0 v=[74.0, 0.0008, 0.2829, 1.0, 0.5774, 0.8]
  grid 34: chi2=208760.9 v=[74.0, 0.0008, 0.2829, 1.3, 0.5774, 0.8]
  grid 37: chi2=72218.4 v=[74.0, 0.0008, 0.3395, 0.5, 0.5774, 0.8]
  grid 40: chi2=61071.6 v=[74.0, 0.0008, 0.3395, 0.75, 0.5774, 0.8]
grid best chi2=61071.59 (2332s)
  local-opt eval 25: best chi2 17484.97
  local-opt eval 50: best chi2 9858.91
  local-opt eval 75: best chi2 9224.24
  local-opt eval 100: best chi2 9224.24
  local-opt eval 125: best chi2 9224.24
  local-opt eval 150: best chi2 9224.24
  local-opt eval 175: best chi2 9220.21
  local-opt eval 200: best chi2 9220.21
  local-opt eval 225: best chi2 9173.21
  local-opt eval 250: best chi2 9111.40
  local-opt eval 275: best chi2 9111.40
  local-opt eval 300: best chi2 9063.62
  local-opt eval 325: best chi2 9063.62
  local-opt eval 350: best chi2 9063.62
  local-opt eval 375: best chi2 9063.62
