=== J124645.61-653628.5 2026-10-02T15:59:15.284910+00:00  P=3.747906 t0=4047.65568 Teff1=12362 M1~4.07 q=0.8 distortion=sphere nbins=224
  sma=19.72 Rsun, eclipse width 0.058 -> rsum0=0.095, teffratio0=0.86
  grid 1: chi2=43604.8 v=[74.0, 0.0, 0.0666, 0.5, 0.6874]
  grid 2: chi2=43565.9 v=[74.0, 0.0, 0.0666, 0.5, 0.8593]
  grid 3: chi2=43543.9 v=[74.0, 0.0, 0.0666, 0.5, 1.0311]
  grid 6: chi2=43528.0 v=[74.0, 0.0, 0.0666, 0.75, 1.0311]
  grid 9: chi2=43510.6 v=[74.0, 0.0, 0.0666, 1.0, 1.0311]
  grid 120: chi2=43413.0 v=[84.0, 0.0, 0.1142, 0.5, 1.0311]
  grid 123: chi2=43391.1 v=[84.0, 0.0, 0.1142, 0.75, 1.0311]
  grid 127: chi2=41577.8 v=[84.0, 0.0, 0.1333, 0.5, 0.6874]
  grid 128: chi2=40852.3 v=[84.0, 0.0, 0.1333, 0.5, 0.8593]
  grid 129: chi2=40271.4 v=[84.0, 0.0, 0.1333, 0.5, 1.0311]
  grid 132: chi2=39877.4 v=[84.0, 0.0, 0.1333, 0.75, 1.0311]
  grid 135: chi2=39825.0 v=[84.0, 0.0, 0.1333, 1.0, 1.0311]
  grid 146: chi2=39568.3 v=[87.0, 0.0, 0.0809, 0.5, 0.8593]
  grid 147: chi2=38975.3 v=[87.0, 0.0, 0.0809, 0.5, 1.0311]
  grid 149: chi2=38775.7 v=[87.0, 0.0, 0.0809, 0.75, 0.8593]
  grid 150: chi2=38402.0 v=[87.0, 0.0, 0.0809, 0.75, 1.0311]
  grid 153: chi2=38389.0 v=[87.0, 0.0, 0.0809, 1.0, 1.0311]
  grid 154: chi2=37747.3 v=[87.0, 0.0, 0.0952, 0.5, 0.6874]
  grid 155: chi2=36538.3 v=[87.0, 0.0, 0.0952, 0.5, 0.8593]
  grid 156: chi2=35710.8 v=[87.0, 0.0, 0.0952, 0.5, 1.0311]
  grid 158: chi2=35348.3 v=[87.0, 0.0, 0.0952, 0.75, 0.8593]
  grid 159: chi2=34912.1 v=[87.0, 0.0, 0.0952, 0.75, 1.0311]
  grid 162: chi2=34804.0 v=[87.0, 0.0, 0.0952, 1.0, 1.0311]
  grid 163: chi2=34477.8 v=[87.0, 0.0, 0.1142, 0.5, 0.6874]
  grid 164: chi2=32816.1 v=[87.0, 0.0, 0.1142, 0.5, 0.8593]
  grid 165: chi2=31911.9 v=[87.0, 0.0, 0.1142, 0.5, 1.0311]
  grid 167: chi2=31240.9 v=[87.0, 0.0, 0.1142, 0.75, 0.8593]
  grid 168: chi2=31042.7 v=[87.0, 0.0, 0.1142, 0.75, 1.0311]
  grid 170: chi2=30771.3 v=[87.0, 0.0, 0.1142, 1.0, 0.8593]
  grid 173: chi2=29403.3 v=[87.0, 0.0, 0.1333, 0.5, 0.8593]
  grid 174: chi2=28568.3 v=[87.0, 0.0, 0.1333, 0.5, 1.0311]
  grid 176: chi2=27654.0 v=[87.0, 0.0, 0.1333, 0.75, 0.8593]
  grid 179: chi2=27265.8 v=[87.0, 0.0, 0.1333, 1.0, 0.8593]
  grid 218: chi2=25944.4 v=[89.5, 0.0, 0.1333, 0.5, 0.8593]
  grid 219: chi2=25637.3 v=[89.5, 0.0, 0.1333, 0.5, 1.0311]
grid best chi2=25637.28 (724s)
  powell eval 25: best chi2 25407.61
