=== J221843.61+544715.0 2026-10-04T18:55:03.674609+00:00  P=1.669261 t0=3387.03039 Teff1=9500 M1~2.31 q=0.8 distortion=roche nbins=196
  sma=9.53 Rsun, eclipse width 0.128 -> rsum0=0.333, teffratio0=0.84
  grid 1: chi2=792984.2 v=[74.0, 0.0004, 0.2329, 0.5, 0.6734, 0.8]
  grid 13: chi2=715094.0 v=[74.0, 0.0004, 0.2828, 0.5, 0.6734, 0.8]
  grid 25: chi2=418521.8 v=[74.0, 0.0004, 0.3327, 0.5, 0.6734, 0.8]
  grid 31: chi2=414931.1 v=[74.0, 0.0004, 0.3327, 1.0, 0.6734, 0.8]
  grid 34: chi2=372183.4 v=[74.0, 0.0004, 0.3327, 1.3, 0.6734, 0.8]
  grid 37: chi2=63302.8 v=[74.0, 0.0004, 0.3992, 0.5, 0.6734, 0.8]
  grid 40: chi2=52374.7 v=[74.0, 0.0004, 0.3992, 0.75, 0.6734, 0.8]
grid best chi2=52374.74 (2163s)
  local-opt eval 25: best chi2 19004.29
  local-opt eval 50: best chi2 9988.70
  local-opt eval 75: best chi2 9462.11
  local-opt eval 100: best chi2 8064.68
  local-opt eval 125: best chi2 4457.27
  local-opt eval 150: best chi2 4250.00
  local-opt eval 175: best chi2 4187.33
  local-opt eval 200: best chi2 4180.74
  local-opt eval 225: best chi2 4180.70
  local-opt eval 250: best chi2 4180.70
  local-opt eval 275: best chi2 4170.04
  local-opt eval 300: best chi2 4143.17
  local-opt eval 325: best chi2 4143.17
  local-opt eval 350: best chi2 4138.62
  local-opt eval 375: best chi2 4138.52
  local-opt eval 400: best chi2 4138.52
  local-opt eval 425: best chi2 4138.52
  local-opt eval 450: best chi2 4136.92
  local-opt eval 475: best chi2 4136.92
  local-opt eval 500: best chi2 4114.77
  local-opt eval 525: best chi2 4114.77
  local-opt eval 550: best chi2 4114.77
  local-opt eval 575: best chi2 4114.77
  start 1/3 (grid chi2 52374.7) -> chi2 4114.77
  local-opt eval 25: best chi2 33515.53
  local-opt eval 50: best chi2 16478.01
  local-opt eval 75: best chi2 12735.30
  local-opt eval 100: best chi2 8545.16
  local-opt eval 125: best chi2 7829.40
  local-opt eval 150: best chi2 7176.12
  local-opt eval 175: best chi2 7160.43
  local-opt eval 200: best chi2 7122.22
  local-opt eval 225: best chi2 7076.06
  local-opt eval 250: best chi2 7067.49
  local-opt eval 275: best chi2 7033.05
  local-opt eval 300: best chi2 6960.89
  local-opt eval 325: best chi2 6903.89
  local-opt eval 350: best chi2 6903.89
  local-opt eval 375: best chi2 6842.48
