=== J221843.61+544715.0 2026-10-04T14:45:29.356781+00:00  P=1.669261 t0=3387.03039 Teff1=9500 M1~2.31 q=0.8 distortion=roche nbins=196
  sma=9.53 Rsun, eclipse width 0.128 -> rsum0=0.333, teffratio0=0.84
  grid 1: chi2=799230.8 v=[74.0, 0.0004, 0.2329, 0.5, 0.6734, 0.8]
  grid 13: chi2=724413.6 v=[74.0, 0.0004, 0.2828, 0.5, 0.6734, 0.8]
  grid 25: chi2=428024.8 v=[74.0, 0.0004, 0.3327, 0.5, 0.6734, 0.8]
  grid 35: chi2=423185.9 v=[74.0, 0.0004, 0.3327, 1.3, 0.8418, 0.8]
  grid 37: chi2=66812.1 v=[74.0, 0.0004, 0.3992, 0.5, 0.6734, 0.8]
  grid 47: chi2=59766.2 v=[74.0, 0.0004, 0.3992, 1.3, 0.8418, 0.8]
grid best chi2=59766.16 (2208s)
  local-opt eval 25: best chi2 38022.12
  local-opt eval 50: best chi2 25350.98
  local-opt eval 75: best chi2 24680.85
  local-opt eval 100: best chi2 24680.85
  local-opt eval 125: best chi2 24680.28
  local-opt eval 150: best chi2 24635.42
  local-opt eval 175: best chi2 24595.31
  local-opt eval 200: best chi2 24463.24
  local-opt eval 225: best chi2 24367.04
  local-opt eval 250: best chi2 24367.04
  local-opt eval 275: best chi2 24367.04
  local-opt eval 300: best chi2 24367.04
  local-opt eval 325: best chi2 24367.04
  local-opt eval 350: best chi2 24367.04
