=== J223553.38+500414.8 2026-10-03T12:56:46.933357+00:00  P=10.918585 t0=3382.95426 Teff1=12746 M1~4.37 q=0.8 distortion=sphere nbins=143
  eccentric: secondary at phase 0.5860 -> ecosw0=0.1351, esinw0=0.500
  sma=41.19 Rsun, eclipse width 0.090 -> rsum0=0.237, teffratio0=0.57
  grid 1: chi2=5809.2 v=[74.0, -0.0055, 0.166, 0.5, 0.4523, 0.1351, 0.5]
grid best chi2=5809.25 (317s)
  local-opt eval 25: best chi2 5128.88
  local-opt eval 50: best chi2 3832.82
  local-opt eval 75: best chi2 3024.93
  local-opt eval 100: best chi2 2601.50
  local-opt eval 125: best chi2 2290.94
  local-opt eval 150: best chi2 2263.56
  local-opt eval 175: best chi2 2261.59
  local-opt eval 200: best chi2 2260.74
  local-opt eval 225: best chi2 2256.23
  local-opt eval 250: best chi2 2249.34
  local-opt eval 275: best chi2 2216.00
  local-opt eval 300: best chi2 2173.17
  local-opt eval 325: best chi2 1985.47
  local-opt eval 350: best chi2 1840.75
  local-opt eval 375: best chi2 1838.71
  local-opt eval 400: best chi2 1800.42
  local-opt eval 425: best chi2 1800.42
  local-opt eval 450: best chi2 1789.18
  local-opt eval 475: best chi2 1789.06
  local-opt eval 500: best chi2 1788.57
  local-opt eval 525: best chi2 1788.26
  local-opt eval 550: best chi2 1788.08
  local-opt eval 575: best chi2 1788.05
  start 1/3 (grid chi2 5809.2) -> chi2 1788.05
  local-opt eval 25: best chi2 6757.75
  local-opt eval 50: best chi2 3705.75
  local-opt eval 75: best chi2 3047.70
  local-opt eval 100: best chi2 2762.54
  local-opt eval 125: best chi2 2484.03
  local-opt eval 150: best chi2 2292.83
  local-opt eval 175: best chi2 2264.37
  local-opt eval 200: best chi2 2260.02
  local-opt eval 225: best chi2 2259.10
  local-opt eval 250: best chi2 2258.25
  local-opt eval 275: best chi2 2257.96
  local-opt eval 300: best chi2 2257.93
  local-opt eval 325: best chi2 2257.86
  local-opt eval 350: best chi2 2257.53
  local-opt eval 375: best chi2 2256.98
  local-opt eval 400: best chi2 2239.40
  local-opt eval 425: best chi2 2239.40
  local-opt eval 450: best chi2 2230.14
  local-opt eval 475: best chi2 2230.14
  local-opt eval 500: best chi2 2230.14
  local-opt eval 525: best chi2 2230.14
  local-opt eval 550: best chi2 2230.14
  local-opt eval 575: best chi2 2230.14
  local-opt eval 600: best chi2 2230.14
  local-opt eval 625: best chi2 2230.14
  local-opt eval 650: best chi2 2230.14
  local-opt eval 675: best chi2 2230.14
  local-opt eval 700: best chi2 2230.14
  local-opt eval 725: best chi2 2230.14
  local-opt eval 750: best chi2 2230.14
  local-opt eval 775: best chi2 2230.14
  local-opt eval 800: best chi2 2230.14
  local-opt eval 825: best chi2 2230.14
  start 2/3 (grid chi2 8034.6) -> chi2 2230.14
  local-opt eval 25: best chi2 7005.30
  local-opt eval 50: best chi2 3304.04
  local-opt eval 75: best chi2 3131.99
  local-opt eval 100: best chi2 2840.59
  local-opt eval 125: best chi2 2829.30
  local-opt eval 150: best chi2 2822.18
  local-opt eval 175: best chi2 2822.18
  local-opt eval 200: best chi2 2822.18
  local-opt eval 225: best chi2 2816.65
  local-opt eval 250: best chi2 2816.65
  local-opt eval 275: best chi2 2815.53
  local-opt eval 300: best chi2 2815.53
  local-opt eval 325: best chi2 2815.47
  local-opt eval 350: best chi2 2815.47
  local-opt eval 375: best chi2 2815.47
  local-opt eval 400: best chi2 2815.47
  local-opt eval 425: best chi2 2815.47
  local-opt eval 450: best chi2 2815.47
  local-opt eval 475: best chi2 2815.47
  local-opt eval 500: best chi2 2815.47
  local-opt eval 525: best chi2 2815.47
  local-opt eval 550: best chi2 2815.47
  local-opt eval 575: best chi2 2815.47
  local-opt eval 600: best chi2 2815.47
  start 3/3 (grid chi2 9942.3) -> chi2 2815.47
local-opt (Nelder-Mead) chi2=1788.05 after 2048 evals v=[74.74336, 0.00534, 0.22214, 0.22508, 0.30708, 0.15869, 0.3655]
  emcee 16x30 in 602s, acc=0.39
{"incl": 74.74335641005085, "r1_frac": 0.18132710005355246, "r2_frac": 0.04081298932219954, "teffratio": 0.30707916281556485, "chi2_final_hires": 2058.2458788560607, "passes_all": false}
photometry: {"chi2": 2058.2458788560607, "dof": 135, "chi2_red": 15.246265769304154, "rms": 0.0021943857595759808, "primary_mean_resid": -0.0013994900323212934, "primary_bias_sigma": -7.583620479171101, "secondary_mean_resid": -0.002812476984595802, "secondary_bias_sigma": -7.924394057699611, "pass_fit": false, "pass_no_eclipse_bias": false}
blackbody: {"status": "no AllWISE row"}
