=== J223949.47+583254.4 2026-10-02T19:50:57.419242+00:00  P=3.092438 t0=1778.89390 Teff1=8188 M1~1.80 q=0.8 distortion=sphere nbins=161
  sma=13.21 Rsun, eclipse width 0.152 -> rsum0=0.391, teffratio0=0.74
  grid 1: chi2=852228.2 v=[74.0, 0.0046, 0.2735, 0.5, 0.592]
  grid 2: chi2=849119.0 v=[74.0, 0.0046, 0.2735, 0.5, 0.74]
  grid 3: chi2=848567.0 v=[74.0, 0.0046, 0.2735, 0.5, 0.888]
  grid 13: chi2=807447.7 v=[74.0, 0.0046, 0.332, 0.5, 0.592]
  grid 14: chi2=790172.3 v=[74.0, 0.0046, 0.332, 0.5, 0.74]
  grid 15: chi2=776334.7 v=[74.0, 0.0046, 0.332, 0.5, 0.888]
  grid 18: chi2=769913.0 v=[74.0, 0.0046, 0.332, 0.75, 0.888]
  grid 21: chi2=767108.8 v=[74.0, 0.0046, 0.332, 1.0, 0.888]
  grid 24: chi2=766476.4 v=[74.0, 0.0046, 0.332, 1.3, 0.888]
  grid 25: chi2=708868.1 v=[74.0, 0.0046, 0.3906, 0.5, 0.592]
  grid 26: chi2=668917.0 v=[74.0, 0.0046, 0.3906, 0.5, 0.74]
  grid 27: chi2=638772.2 v=[74.0, 0.0046, 0.3906, 0.5, 0.888]
  grid 30: chi2=611226.1 v=[74.0, 0.0046, 0.3906, 0.75, 0.888]
  grid 33: chi2=599126.0 v=[74.0, 0.0046, 0.3906, 1.0, 0.888]
  grid 36: chi2=597281.3 v=[74.0, 0.0046, 0.3906, 1.3, 0.888]
  grid 37: chi2=503353.2 v=[74.0, 0.0046, 0.4688, 0.5, 0.592]
  grid 38: chi2=442148.5 v=[74.0, 0.0046, 0.4688, 0.5, 0.74]
  grid 39: chi2=413406.1 v=[74.0, 0.0046, 0.4688, 0.5, 0.888]
  grid 41: chi2=375209.0 v=[74.0, 0.0046, 0.4688, 0.75, 0.74]
  grid 42: chi2=356740.6 v=[74.0, 0.0046, 0.4688, 0.75, 0.888]
  grid 44: chi2=345794.7 v=[74.0, 0.0046, 0.4688, 1.0, 0.74]
  grid 45: chi2=333123.4 v=[74.0, 0.0046, 0.4688, 1.0, 0.888]
  grid 47: chi2=331036.3 v=[74.0, 0.0046, 0.4688, 1.3, 0.74]
  grid 48: chi2=325417.0 v=[74.0, 0.0046, 0.4688, 1.3, 0.888]
  grid 49: chi2=313191.9 v=[74.0, 0.0046, 0.5469, 0.5, 0.592]
  grid 50: chi2=238550.0 v=[74.0, 0.0046, 0.5469, 0.5, 0.74]
  grid 51: chi2=230180.7 v=[74.0, 0.0046, 0.5469, 0.5, 0.888]
  grid 53: chi2=164522.7 v=[74.0, 0.0046, 0.5469, 0.75, 0.74]
  grid 56: chi2=154479.9 v=[74.0, 0.0046, 0.5469, 1.0, 0.74]
  grid 57: chi2=152507.6 v=[74.0, 0.0046, 0.5469, 1.0, 0.888]
  grid 60: chi2=139690.0 v=[74.0, 0.0046, 0.5469, 1.3, 0.888]
  grid 101: chi2=107279.5 v=[80.0, 0.0046, 0.4688, 0.75, 0.74]
  grid 110: chi2=80214.0 v=[80.0, 0.0046, 0.5469, 0.5, 0.74]
  grid 170: chi2=56254.0 v=[84.0, 0.0046, 0.5469, 0.5, 0.74]
  grid 230: chi2=52840.6 v=[87.0, 0.0046, 0.5469, 0.5, 0.74]
  grid 290: chi2=51715.9 v=[89.5, 0.0046, 0.5469, 0.5, 0.74]
grid best chi2=51715.86 (254s)
  local-opt eval 25: best chi2 38204.27
  local-opt eval 50: best chi2 36442.12
  local-opt eval 75: best chi2 36442.12
  local-opt eval 100: best chi2 36442.12
  local-opt eval 125: best chi2 36440.28
  local-opt eval 150: best chi2 36440.28
  local-opt eval 175: best chi2 36440.28
  local-opt eval 200: best chi2 36440.28
  local-opt eval 225: best chi2 36440.28
  local-opt eval 250: best chi2 36440.28
  local-opt eval 275: best chi2 36440.28
  local-opt eval 300: best chi2 36440.28
  local-opt eval 325: best chi2 36440.28
  local-opt eval 350: best chi2 36440.28
  local-opt eval 375: best chi2 36440.28
  local-opt eval 400: best chi2 36440.28
  start 1/3 (grid chi2 51715.9) -> chi2 36440.28
  local-opt eval 25: best chi2 38932.36
  local-opt eval 50: best chi2 37500.82
  local-opt eval 75: best chi2 37500.82
  local-opt eval 100: best chi2 37176.87
  local-opt eval 125: best chi2 37176.87
  local-opt eval 150: best chi2 37142.03
  local-opt eval 175: best chi2 37130.30
  local-opt eval 200: best chi2 37129.07
  local-opt eval 225: best chi2 37129.07
  local-opt eval 250: best chi2 37128.66
  local-opt eval 275: best chi2 37128.64
  local-opt eval 300: best chi2 37128.63
  local-opt eval 325: best chi2 37128.63
  local-opt eval 350: best chi2 37128.63
  local-opt eval 375: best chi2 37128.63
  local-opt eval 400: best chi2 37128.63
  local-opt eval 425: best chi2 37128.63
  start 2/3 (grid chi2 52840.6) -> chi2 37128.63
  local-opt eval 25: best chi2 41540.56
  local-opt eval 50: best chi2 39688.12
  local-opt eval 75: best chi2 36913.01
  local-opt eval 100: best chi2 36882.30
  local-opt eval 125: best chi2 36882.30
  local-opt eval 150: best chi2 36875.33
  local-opt eval 175: best chi2 36410.48
  local-opt eval 200: best chi2 36370.17
  local-opt eval 225: best chi2 36368.36
  local-opt eval 250: best chi2 36368.36
  local-opt eval 275: best chi2 36368.36
  local-opt eval 300: best chi2 36368.36
  local-opt eval 325: best chi2 36368.36
  local-opt eval 350: best chi2 36368.36
  local-opt eval 375: best chi2 36368.36
  local-opt eval 400: best chi2 36368.36
  local-opt eval 425: best chi2 36368.36
  local-opt eval 450: best chi2 36368.36
  start 3/3 (grid chi2 56254.0) -> chi2 36368.36
local-opt (Nelder-Mead) chi2=36368.36 after 1306 evals v=[88.37793, 0.00368, 0.50449, 0.56222, 0.73068]
  emcee 12x30 in 312s, acc=0.47
{"incl": 88.69057521032839, "r1_frac": 0.32173730422633284, "r2_frac": 0.18248203858128234, "teffratio": 0.7347052259391745, "chi2_final_hires": 37625.34697942381, "passes_all": false}
photometry: {"chi2": 37625.34697942381, "dof": 155, "chi2_red": 242.7441740607988, "rms": 0.010313807941419447, "primary_mean_resid": -0.047321383581884674, "primary_bias_sigma": -54.962352589350125, "secondary_mean_resid": 0.008770593131807475, "secondary_bias_sigma": 18.730847832869415, "pass_fit": false, "pass_no_eclipse_bias": false}
blackbody: {"binary_photosphere_chi2_JHKW1": 2.8460701571647777, "photometric_distance_pc": 519.4648830917404, "gaia_distance_pc": 989.4851, "distance_ratio_phot_over_gaia": 0.5249850483769188, "excess_vs_binary_photosphere": {"W2": {"ratio": 0.9714152712697322, "sigma": -1.0649573463768778}, "W3": {"ratio": 0.9711883095203898, "sigma": -1.0736639217251338}, "W4": {"ratio": 2.016901337822763, "sigma": 5.6434768821698045}}, "pass_photosphere": true, "pass_distance": false, "pass_excess_survives": true}
