=== J223949.47+583254.4 2026-10-02T15:59:15.261941+00:00  P=3.092438 t0=1778.89390 Teff1=8188 M1~1.80 q=0.8 distortion=sphere nbins=161
  sma=13.21 Rsun, eclipse width 0.121 -> rsum0=0.200, teffratio0=0.74
  grid 1: chi2=840030.2 v=[74.0, 0.0, 0.1401, 0.5, 0.592]
  grid 2: chi2=839666.4 v=[74.0, 0.0, 0.1401, 0.5, 0.74]
  grid 46: chi2=838925.8 v=[80.0, 0.0, 0.1401, 0.5, 0.592]
  grid 47: chi2=838628.5 v=[80.0, 0.0, 0.1401, 0.5, 0.74]
  grid 64: chi2=821321.4 v=[80.0, 0.0, 0.2001, 0.5, 0.592]
  grid 65: chi2=817581.4 v=[80.0, 0.0, 0.2001, 0.5, 0.74]
  grid 66: chi2=814573.2 v=[80.0, 0.0, 0.2001, 0.5, 0.888]
  grid 68: chi2=814443.7 v=[80.0, 0.0, 0.2001, 0.75, 0.74]
  grid 69: chi2=811805.0 v=[80.0, 0.0, 0.2001, 0.75, 0.888]
  grid 72: chi2=810388.9 v=[80.0, 0.0, 0.2001, 1.0, 0.888]
  grid 73: chi2=746143.6 v=[80.0, 0.0, 0.2401, 0.5, 0.592]
  grid 74: chi2=724520.8 v=[80.0, 0.0, 0.2401, 0.5, 0.74]
  grid 75: chi2=704637.4 v=[80.0, 0.0, 0.2401, 0.5, 0.888]
  grid 77: chi2=698732.5 v=[80.0, 0.0, 0.2401, 0.75, 0.74]
  grid 78: chi2=683235.4 v=[80.0, 0.0, 0.2401, 0.75, 0.888]
  grid 81: chi2=675868.1 v=[80.0, 0.0, 0.2401, 1.0, 0.888]
  grid 82: chi2=662421.1 v=[80.0, 0.0, 0.2801, 0.5, 0.592]
  grid 83: chi2=625512.4 v=[80.0, 0.0, 0.2801, 0.5, 0.74]
  grid 84: chi2=598534.4 v=[80.0, 0.0, 0.2801, 0.5, 0.888]
  grid 86: chi2=579559.5 v=[80.0, 0.0, 0.2801, 0.75, 0.74]
  grid 87: chi2=563743.6 v=[80.0, 0.0, 0.2801, 0.75, 0.888]
  grid 89: chi2=552878.9 v=[80.0, 0.0, 0.2801, 1.0, 0.74]
  grid 90: chi2=549100.5 v=[80.0, 0.0, 0.2801, 1.0, 0.888]
  grid 116: chi2=532590.6 v=[84.0, 0.0, 0.2001, 1.0, 0.74]
  grid 119: chi2=525042.9 v=[84.0, 0.0, 0.2401, 0.5, 0.74]
  grid 120: chi2=510977.9 v=[84.0, 0.0, 0.2401, 0.5, 0.888]
  grid 121: chi2=504621.4 v=[84.0, 0.0, 0.2401, 0.75, 0.592]
  grid 122: chi2=465744.5 v=[84.0, 0.0, 0.2401, 0.75, 0.74]
  grid 125: chi2=441925.8 v=[84.0, 0.0, 0.2401, 1.0, 0.74]
  grid 131: chi2=409276.6 v=[84.0, 0.0, 0.2801, 0.75, 0.74]
  grid 134: chi2=398588.0 v=[84.0, 0.0, 0.2801, 1.0, 0.74]
  grid 176: chi2=398043.6 v=[87.0, 0.0, 0.2801, 0.75, 0.74]
grid best chi2=398043.63 (652s)
  powell eval 25: best chi2 370959.00
  powell eval 50: best chi2 86897.88
  powell eval 75: best chi2 82460.76
