=== J223949.47+583254.4 2026-10-04T16:54:47.262147+00:00  P=3.092438 t0=1778.89390 Teff1=8188 M1~1.80 q=0.8 distortion=sphere nbins=161
  sma=13.21 Rsun, eclipse width 0.152 -> rsum0=0.391, teffratio0=0.74
  grid 1: chi2=837104.7 v=[74.0, 0.0046, 0.2735, 0.5, 0.592]
  grid 2: chi2=837092.1 v=[74.0, 0.0046, 0.2735, 0.5, 0.74]
  grid 3: chi2=837078.4 v=[74.0, 0.0046, 0.2735, 0.5, 0.888]
  grid 5: chi2=837071.0 v=[74.0, 0.0046, 0.2735, 0.75, 0.74]
  grid 6: chi2=837052.7 v=[74.0, 0.0046, 0.2735, 0.75, 0.888]
  grid 8: chi2=837052.3 v=[74.0, 0.0046, 0.2735, 1.0, 0.74]
  grid 9: chi2=837035.4 v=[74.0, 0.0046, 0.2735, 1.0, 0.888]
  grid 12: chi2=837025.2 v=[74.0, 0.0046, 0.2735, 1.3, 0.888]
  grid 13: chi2=785516.0 v=[74.0, 0.0046, 0.332, 0.5, 0.592]
  grid 14: chi2=773831.6 v=[74.0, 0.0046, 0.332, 0.5, 0.74]
  grid 15: chi2=760734.1 v=[74.0, 0.0046, 0.332, 0.5, 0.888]
  grid 17: chi2=756561.1 v=[74.0, 0.0046, 0.332, 0.75, 0.74]
  grid 18: chi2=746601.7 v=[74.0, 0.0046, 0.332, 0.75, 0.888]
  grid 20: chi2=744766.9 v=[74.0, 0.0046, 0.332, 1.0, 0.74]
  grid 21: chi2=740178.8 v=[74.0, 0.0046, 0.332, 1.0, 0.888]
  grid 22: chi2=735023.7 v=[74.0, 0.0046, 0.332, 1.3, 0.592]
  grid 25: chi2=687464.0 v=[74.0, 0.0046, 0.3906, 0.5, 0.592]
  grid 26: chi2=654379.0 v=[74.0, 0.0046, 0.3906, 0.5, 0.74]
  grid 27: chi2=623027.1 v=[74.0, 0.0046, 0.3906, 0.5, 0.888]
  grid 29: chi2=606839.6 v=[74.0, 0.0046, 0.3906, 0.75, 0.74]
  grid 30: chi2=586123.6 v=[74.0, 0.0046, 0.3906, 0.75, 0.888]
  grid 32: chi2=576189.6 v=[74.0, 0.0046, 0.3906, 1.0, 0.74]
  grid 33: chi2=569764.7 v=[74.0, 0.0046, 0.3906, 1.0, 0.888]
  grid 34: chi2=559411.0 v=[74.0, 0.0046, 0.3906, 1.3, 0.592]
  grid 35: chi2=557484.2 v=[74.0, 0.0046, 0.3906, 1.3, 0.74]
  grid 37: chi2=485403.9 v=[74.0, 0.0046, 0.4688, 0.5, 0.592]
  grid 38: chi2=432296.1 v=[74.0, 0.0046, 0.4688, 0.5, 0.74]
  grid 39: chi2=398643.7 v=[74.0, 0.0046, 0.4688, 0.5, 0.888]
  grid 40: chi2=373679.9 v=[74.0, 0.0046, 0.4688, 0.75, 0.592]
  grid 41: chi2=334550.4 v=[74.0, 0.0046, 0.4688, 0.75, 0.74]
  grid 42: chi2=333552.3 v=[74.0, 0.0046, 0.4688, 0.75, 0.888]
  grid 43: chi2=294106.8 v=[74.0, 0.0046, 0.4688, 1.0, 0.592]
  grid 44: chi2=278588.4 v=[74.0, 0.0046, 0.4688, 1.0, 0.74]
  grid 46: chi2=231788.7 v=[74.0, 0.0046, 0.4688, 1.3, 0.592]
  grid 50: chi2=228359.7 v=[74.0, 0.0046, 0.5469, 0.5, 0.74]
  grid 51: chi2=213425.1 v=[74.0, 0.0046, 0.5469, 0.5, 0.888]
  grid 52: chi2=149973.2 v=[74.0, 0.0046, 0.5469, 0.75, 0.592]
  grid 53: chi2=108119.9 v=[74.0, 0.0046, 0.5469, 0.75, 0.74]
  grid 55: chi2=78748.0 v=[74.0, 0.0046, 0.5469, 1.0, 0.592]
  grid 56: chi2=55819.2 v=[74.0, 0.0046, 0.5469, 1.0, 0.74]
  grid 58: chi2=51127.4 v=[74.0, 0.0046, 0.5469, 1.3, 0.592]
  grid 59: chi2=32607.0 v=[74.0, 0.0046, 0.5469, 1.3, 0.74]
  grid 113: chi2=14606.1 v=[80.0, 0.0046, 0.5469, 0.75, 0.74]
grid best chi2=14606.14 (446s)
  local-opt eval 25: best chi2 4162.17
  local-opt eval 50: best chi2 3600.19
  local-opt eval 75: best chi2 3187.45
  local-opt eval 100: best chi2 2964.09
  local-opt eval 125: best chi2 2835.75
  local-opt eval 150: best chi2 2719.39
  local-opt eval 175: best chi2 2719.39
  local-opt eval 200: best chi2 2719.39
  local-opt eval 225: best chi2 2719.18
  local-opt eval 250: best chi2 2719.18
  local-opt eval 275: best chi2 2719.18
  local-opt eval 300: best chi2 2703.47
  local-opt eval 325: best chi2 2701.50
  local-opt eval 350: best chi2 2664.57
  local-opt eval 375: best chi2 2664.57
  local-opt eval 400: best chi2 2664.57
  local-opt eval 425: best chi2 2664.57
  local-opt eval 450: best chi2 2664.57
  local-opt eval 475: best chi2 2664.57
  local-opt eval 500: best chi2 2664.57
  local-opt eval 525: best chi2 2664.57
  start 1/3 (grid chi2 14606.1) -> chi2 2664.57
  local-opt eval 25: best chi2 4913.79
  local-opt eval 50: best chi2 4510.55
  local-opt eval 75: best chi2 4433.62
  local-opt eval 100: best chi2 4433.62
  local-opt eval 125: best chi2 4393.54
  local-opt eval 150: best chi2 4393.54
