=== J223949.47+583254.4 2026-10-05T07:52:43.593514+00:00  P=3.092438 t0=1778.89390 Teff1=8188 M1~1.80 q=0.8 distortion=sphere nbins=161
  eccentric: secondary at phase 0.5040 -> ecosw0=0.0063, esinw0=0.013
  sma=13.21 Rsun, eclipse width 0.152 -> rsum0=0.391, teffratio0=0.74
  grid 1: chi2=837080.4 v=[74.0, 0.0046, 0.2735, 0.5, 0.592, 0.0063, 0.013]
  grid 2: chi2=837054.8 v=[74.0, 0.0046, 0.2735, 0.5, 0.74, 0.0063, 0.013]
  grid 3: chi2=837025.3 v=[74.0, 0.0046, 0.2735, 0.5, 0.888, 0.0063, 0.013]
  grid 5: chi2=837002.0 v=[74.0, 0.0046, 0.2735, 0.75, 0.74, 0.0063, 0.013]
  grid 6: chi2=836958.0 v=[74.0, 0.0046, 0.2735, 0.75, 0.888, 0.0063, 0.013]
  grid 8: chi2=836947.0 v=[74.0, 0.0046, 0.2735, 1.0, 0.74, 0.0063, 0.013]
  grid 9: chi2=836899.5 v=[74.0, 0.0046, 0.2735, 1.0, 0.888, 0.0063, 0.013]
  grid 11: chi2=836893.5 v=[74.0, 0.0046, 0.2735, 1.3, 0.74, 0.0063, 0.013]
  grid 12: chi2=836851.3 v=[74.0, 0.0046, 0.2735, 1.3, 0.888, 0.0063, 0.013]
  grid 14: chi2=836845.7 v=[74.0, 0.0046, 0.2735, 1.7, 0.74, 0.0063, 0.013]
  grid 15: chi2=836815.1 v=[74.0, 0.0046, 0.2735, 1.7, 0.888, 0.0063, 0.013]
  grid 17: chi2=836813.0 v=[74.0, 0.0046, 0.2735, 2.2, 0.74, 0.0063, 0.013]
  grid 18: chi2=836794.0 v=[74.0, 0.0046, 0.2735, 2.2, 0.888, 0.0063, 0.013]
  grid 19: chi2=783274.6 v=[74.0, 0.0046, 0.332, 0.5, 0.592, 0.0063, 0.013]
  grid 20: chi2=773907.1 v=[74.0, 0.0046, 0.332, 0.5, 0.74, 0.0063, 0.013]
  grid 21: chi2=763309.5 v=[74.0, 0.0046, 0.332, 0.5, 0.888, 0.0063, 0.013]
  grid 23: chi2=756209.0 v=[74.0, 0.0046, 0.332, 0.75, 0.74, 0.0063, 0.013]
  grid 24: chi2=749015.8 v=[74.0, 0.0046, 0.332, 0.75, 0.888, 0.0063, 0.013]
  grid 25: chi2=746987.3 v=[74.0, 0.0046, 0.332, 1.0, 0.592, 0.0063, 0.013]
  grid 26: chi2=744101.7 v=[74.0, 0.0046, 0.332, 1.0, 0.74, 0.0063, 0.013]
  grid 27: chi2=742411.3 v=[74.0, 0.0046, 0.332, 1.0, 0.888, 0.0063, 0.013]
  grid 28: chi2=730274.4 v=[74.0, 0.0046, 0.332, 1.3, 0.592, 0.0063, 0.013]
  grid 31: chi2=715192.0 v=[74.0, 0.0046, 0.332, 1.7, 0.592, 0.0063, 0.013]
  grid 34: chi2=704209.9 v=[74.0, 0.0046, 0.332, 2.2, 0.592, 0.0063, 0.013]
  grid 37: chi2=683340.6 v=[74.0, 0.0046, 0.3906, 0.5, 0.592, 0.0063, 0.013]
  grid 38: chi2=650439.3 v=[74.0, 0.0046, 0.3906, 0.5, 0.74, 0.0063, 0.013]
  grid 39: chi2=618481.6 v=[74.0, 0.0046, 0.3906, 0.5, 0.888, 0.0063, 0.013]
  grid 41: chi2=601765.7 v=[74.0, 0.0046, 0.3906, 0.75, 0.74, 0.0063, 0.013]
  grid 42: chi2=580268.1 v=[74.0, 0.0046, 0.3906, 0.75, 0.888, 0.0063, 0.013]
  grid 44: chi2=570534.1 v=[74.0, 0.0046, 0.3906, 1.0, 0.74, 0.0063, 0.013]
  grid 45: chi2=563509.3 v=[74.0, 0.0046, 0.3906, 1.0, 0.888, 0.0063, 0.013]
  grid 46: chi2=552901.7 v=[74.0, 0.0046, 0.3906, 1.3, 0.592, 0.0063, 0.013]
  grid 47: chi2=551080.1 v=[74.0, 0.0046, 0.3906, 1.3, 0.74, 0.0063, 0.013]
  grid 49: chi2=522013.4 v=[74.0, 0.0046, 0.3906, 1.7, 0.592, 0.0063, 0.013]
  grid 52: chi2=503826.4 v=[74.0, 0.0046, 0.3906, 2.2, 0.592, 0.0063, 0.013]
  grid 55: chi2=481693.9 v=[74.0, 0.0046, 0.4688, 0.5, 0.592, 0.0063, 0.013]
  grid 56: chi2=427615.9 v=[74.0, 0.0046, 0.4688, 0.5, 0.74, 0.0063, 0.013]
  grid 57: chi2=392624.7 v=[74.0, 0.0046, 0.4688, 0.5, 0.888, 0.0063, 0.013]
  grid 58: chi2=369604.1 v=[74.0, 0.0046, 0.4688, 0.75, 0.592, 0.0063, 0.013]
  grid 59: chi2=329035.6 v=[74.0, 0.0046, 0.4688, 0.75, 0.74, 0.0063, 0.013]
  grid 60: chi2=326043.2 v=[74.0, 0.0046, 0.4688, 0.75, 0.888, 0.0063, 0.013]
  grid 61: chi2=290260.9 v=[74.0, 0.0046, 0.4688, 1.0, 0.592, 0.0063, 0.013]
  grid 62: chi2=272665.9 v=[74.0, 0.0046, 0.4688, 1.0, 0.74, 0.0063, 0.013]
  grid 64: chi2=228652.3 v=[74.0, 0.0046, 0.4688, 1.3, 0.592, 0.0063, 0.013]
  grid 67: chi2=184630.1 v=[74.0, 0.0046, 0.4688, 1.7, 0.592, 0.0063, 0.013]
  grid 70: chi2=162772.8 v=[74.0, 0.0046, 0.4688, 2.2, 0.592, 0.0063, 0.013]
  grid 76: chi2=146710.3 v=[74.0, 0.0046, 0.5469, 0.75, 0.592, 0.0063, 0.013]
  grid 77: chi2=104379.7 v=[74.0, 0.0046, 0.5469, 0.75, 0.74, 0.0063, 0.013]
  grid 79: chi2=76198.0 v=[74.0, 0.0046, 0.5469, 1.0, 0.592, 0.0063, 0.013]
  grid 80: chi2=52400.6 v=[74.0, 0.0046, 0.5469, 1.0, 0.74, 0.0063, 0.013]
  grid 82: chi2=49617.3 v=[74.0, 0.0046, 0.5469, 1.3, 0.592, 0.0063, 0.013]
  grid 83: chi2=29594.8 v=[74.0, 0.0046, 0.5469, 1.3, 0.74, 0.0063, 0.013]
  grid 86: chi2=23993.9 v=[74.0, 0.0046, 0.5469, 1.7, 0.74, 0.0063, 0.013]
  grid 164: chi2=16710.2 v=[80.0, 0.0046, 0.5469, 0.75, 0.74, 0.0063, 0.013]
grid best chi2=16710.17 (1073s)
  local-opt eval 25: best chi2 5762.82
  local-opt eval 50: best chi2 3027.98
  local-opt eval 75: best chi2 2687.00
  local-opt eval 100: best chi2 2616.07
  local-opt eval 125: best chi2 2560.22
  local-opt eval 150: best chi2 2560.22
  local-opt eval 175: best chi2 2330.73
  local-opt eval 200: best chi2 2330.00
  local-opt eval 225: best chi2 2330.00
  local-opt eval 250: best chi2 2330.00
  local-opt eval 275: best chi2 2330.00
  local-opt eval 300: best chi2 2330.00
  local-opt eval 325: best chi2 2330.00
  local-opt eval 350: best chi2 2330.00
  local-opt eval 375: best chi2 2330.00
  local-opt eval 400: best chi2 2330.00
  local-opt eval 425: best chi2 2330.00
  local-opt eval 450: best chi2 2330.00
  local-opt eval 475: best chi2 2330.00
  local-opt eval 500: best chi2 2330.00
  local-opt eval 525: best chi2 2330.00
  local-opt eval 550: best chi2 2330.00
  local-opt eval 575: best chi2 2330.00
  local-opt eval 600: best chi2 2330.00
  local-opt eval 625: best chi2 2330.00
  local-opt eval 650: best chi2 2330.00
  start 1/3 (grid chi2 16710.2) -> chi2 2330.00
  local-opt eval 25: best chi2 4306.62
  local-opt eval 50: best chi2 3976.40
  local-opt eval 75: best chi2 3608.59
  local-opt eval 100: best chi2 3310.50
  local-opt eval 125: best chi2 3201.21
  local-opt eval 150: best chi2 3074.77
  local-opt eval 175: best chi2 2981.66
  local-opt eval 200: best chi2 2969.54
  local-opt eval 225: best chi2 2969.54
  local-opt eval 250: best chi2 2968.67
  local-opt eval 275: best chi2 2968.67
  local-opt eval 300: best chi2 2968.67
  local-opt eval 325: best chi2 2968.67
  local-opt eval 350: best chi2 2968.67
  local-opt eval 375: best chi2 2968.67
  local-opt eval 400: best chi2 2968.67
  local-opt eval 425: best chi2 2968.67
  local-opt eval 450: best chi2 2968.67
  local-opt eval 475: best chi2 2968.67
  local-opt eval 500: best chi2 2968.67
  local-opt eval 525: best chi2 2968.67
  local-opt eval 550: best chi2 2968.67
  local-opt eval 575: best chi2 2968.67
  local-opt eval 600: best chi2 2968.67
  local-opt eval 625: best chi2 2968.67
  local-opt eval 650: best chi2 2968.67
  local-opt eval 675: best chi2 2968.67
  start 2/3 (grid chi2 23993.9) -> chi2 2968.67
  local-opt eval 25: best chi2 3314.69
  local-opt eval 50: best chi2 2961.11
  local-opt eval 75: best chi2 2743.47
  local-opt eval 100: best chi2 2669.95
  local-opt eval 125: best chi2 2611.50
  local-opt eval 150: best chi2 2495.93
  local-opt eval 175: best chi2 2495.93
  local-opt eval 200: best chi2 2489.58
  local-opt eval 225: best chi2 2489.58
  local-opt eval 250: best chi2 2489.58
  local-opt eval 275: best chi2 2489.58
  local-opt eval 300: best chi2 2476.73
  local-opt eval 325: best chi2 2038.20
  local-opt eval 350: best chi2 1848.74
  local-opt eval 375: best chi2 1831.41
  local-opt eval 400: best chi2 1825.33
  local-opt eval 425: best chi2 1806.88
  local-opt eval 450: best chi2 1776.90
  local-opt eval 475: best chi2 1758.09
  local-opt eval 500: best chi2 1724.68
  local-opt eval 525: best chi2 1710.05
