=== J223949.47+583254.4 2026-10-02T19:19:42.927131+00:00  P=3.092438 t0=1778.89390 Teff1=8188 M1~1.80 q=0.8 distortion=sphere nbins=161
  sma=13.21 Rsun, eclipse width 0.152 -> rsum0=0.391, teffratio0=0.74
  using cached grid result
grid best chi2=398043.63 (0s)
  local-opt eval 25: best chi2 131615.54
  local-opt eval 50: best chi2 54622.54
  local-opt eval 75: best chi2 40389.02
  local-opt eval 100: best chi2 39977.54
  local-opt eval 125: best chi2 39977.54
  local-opt eval 150: best chi2 39937.17
  local-opt eval 175: best chi2 39612.73
  local-opt eval 200: best chi2 39231.97
  local-opt eval 225: best chi2 37571.78
  local-opt eval 250: best chi2 37559.74
  local-opt eval 275: best chi2 37559.74
  local-opt eval 300: best chi2 37559.74
  local-opt eval 325: best chi2 37559.74
  local-opt eval 350: best chi2 37559.74
  local-opt eval 375: best chi2 37559.74
  local-opt eval 400: best chi2 37559.74
  local-opt eval 425: best chi2 37559.74
  local-opt eval 450: best chi2 37559.74
local-opt (Nelder-Mead) chi2=37559.74 after 462 evals v=[89.74696, -0.0027, 0.51121, 0.56555, 0.73148]
