=== J223949.47+583254.4 2026-10-02T16:23:35.710920+00:00  P=3.092438 t0=1778.89390 Teff1=8188 M1~1.80 q=0.8 distortion=sphere nbins=161
  sma=13.21 Rsun, eclipse width 0.152 -> rsum0=0.460, teffratio0=0.74
  using cached grid result
grid best chi2=398043.63 (0s)
  local-opt eval 25: best chi2 127879.36
  local-opt eval 50: best chi2 68443.15
  local-opt eval 75: best chi2 40449.62
  local-opt eval 100: best chi2 39225.80
  local-opt eval 125: best chi2 37919.35
  local-opt eval 150: best chi2 37919.35
  local-opt eval 175: best chi2 37919.35
  local-opt eval 200: best chi2 37629.35
  local-opt eval 225: best chi2 37629.35
  local-opt eval 250: best chi2 37629.35
  local-opt eval 275: best chi2 37629.35
  local-opt eval 300: best chi2 37629.35
  local-opt eval 325: best chi2 37629.35
  local-opt eval 350: best chi2 37629.35
  local-opt eval 375: best chi2 37629.35
  local-opt eval 400: best chi2 37629.35
  local-opt eval 425: best chi2 37598.94
  local-opt eval 450: best chi2 37598.94
  local-opt eval 475: best chi2 37598.94
local-opt (Nelder-Mead) chi2=37598.94 after 478 evals v=[88.75631, -0.00321, 0.51263, 0.56078, 0.73955]
