=== J112238.89-592027.5 2026-10-02T15:56:07.015889+00:00  P=4.791705 t0=3762.83969 Teff1=7705 M1~1.62 q=0.8 distortion=sphere nbins=200
  sma=17.09 Rsun, eclipse width 0.035 -> rsum0=0.060, teffratio0=0.63
  grid 1: chi2=2153.0 v=[74.0, 0.0, 0.042, 0.5, 0.5034, 0.37]
  grid 2: chi2=2152.9 v=[74.0, 0.0, 0.042, 0.5, 0.6293, 0.37]
  grid 3: chi2=2152.9 v=[74.0, 0.0, 0.042, 0.5, 0.7551, 0.37]
  grid 4: chi2=2152.9 v=[74.0, 0.0, 0.042, 0.75, 0.5034, 0.37]
  grid 5: chi2=2152.9 v=[74.0, 0.0, 0.042, 0.75, 0.6293, 0.37]
  grid 6: chi2=2152.8 v=[74.0, 0.0, 0.042, 0.75, 0.7551, 0.37]
  grid 18: chi2=2152.8 v=[74.0, 0.0, 0.051, 1.0, 0.7551, 0.37]
  grid 97: chi2=2152.3 v=[84.0, 0.0, 0.042, 1.0, 0.5034, 0.37]
  grid 154: chi2=2101.5 v=[87.0, 0.0, 0.06, 0.5, 0.5034, 0.37]
  grid 155: chi2=2100.1 v=[87.0, 0.0, 0.06, 0.5, 0.6293, 0.37]
  grid 156: chi2=2098.3 v=[87.0, 0.0, 0.06, 0.5, 0.7551, 0.37]
  grid 157: chi2=2074.9 v=[87.0, 0.0, 0.06, 0.75, 0.5034, 0.37]
  grid 160: chi2=2048.4 v=[87.0, 0.0, 0.06, 1.0, 0.5034, 0.37]
  grid 163: chi2=1870.0 v=[87.0, 0.0, 0.072, 0.5, 0.5034, 0.37]
  grid 164: chi2=1865.5 v=[87.0, 0.0, 0.072, 0.5, 0.6293, 0.37]
  grid 165: chi2=1863.5 v=[87.0, 0.0, 0.072, 0.5, 0.7551, 0.37]
  grid 166: chi2=1755.0 v=[87.0, 0.0, 0.072, 0.75, 0.5034, 0.37]
  grid 169: chi2=1654.2 v=[87.0, 0.0, 0.072, 1.0, 0.5034, 0.37]
  grid 172: chi2=1584.4 v=[87.0, 0.0, 0.084, 0.5, 0.5034, 0.37]
  grid 173: chi2=1578.2 v=[87.0, 0.0, 0.084, 0.5, 0.6293, 0.37]
  grid 175: chi2=1379.0 v=[87.0, 0.0, 0.084, 0.75, 0.5034, 0.37]
  grid 178: chi2=1211.0 v=[87.0, 0.0, 0.084, 1.0, 0.5034, 0.37]
  grid 199: chi2=1161.8 v=[89.5, 0.0, 0.06, 0.5, 0.5034, 0.37]
  grid 200: chi2=1154.3 v=[89.5, 0.0, 0.06, 0.5, 0.6293, 0.37]
  grid 202: chi2=1109.7 v=[89.5, 0.0, 0.06, 0.75, 0.5034, 0.37]
  grid 203: chi2=1096.6 v=[89.5, 0.0, 0.06, 0.75, 0.6293, 0.37]
  grid 208: chi2=1017.7 v=[89.5, 0.0, 0.072, 0.5, 0.5034, 0.37]
  grid 209: chi2=1009.5 v=[89.5, 0.0, 0.072, 0.5, 0.6293, 0.37]
  grid 212: chi2=989.5 v=[89.5, 0.0, 0.072, 0.75, 0.6293, 0.37]
  grid 217: chi2=913.2 v=[89.5, 0.0, 0.084, 0.5, 0.5034, 0.37]
  grid 218: chi2=904.1 v=[89.5, 0.0, 0.084, 0.5, 0.6293, 0.37]
grid best chi2=904.07 (250s)
  powell eval 25: best chi2 904.07
  powell eval 50: best chi2 904.07
  powell eval 75: best chi2 904.07
  powell eval 100: best chi2 904.07
powell chi2=2082.39 after 104 evals v=[76.03577, 0.00995, 0.03004, 1.39983, 1.13633, 5e-05]
