Connection to online passbands at https://tables.phoebe-project.org could not be established.  Check your internet connection or try again later (can manually call phoebe.list_online_passbands(refresh=True) to retry).  If the problem persists and you're using a Mac, you may need to update openssl (see https://phoebe-project.org/help/faq). Original error from urlopen: URLError <urlopen error Tunnel connection failed: 403 Forbidden>
=== J073937.23-363011.8 2026-10-03T12:56:46.759309+00:00  P=0.953867 t0=2984.11468 Teff1=13856 M1~5.29 q=0.8 distortion=roche nbins=176
  sma=8.64 Rsun, eclipse width 0.184 -> rsum0=0.464, teffratio0=0.74
  grid 1: chi2=45079.7 v=[74.0, 0.0043, 0.3251, 0.5, 0.5886, 0.8]
  grid 13: chi2=28241.6 v=[74.0, 0.0043, 0.3948, 0.5, 0.5886, 0.8]
  grid 19: chi2=28159.0 v=[74.0, 0.0043, 0.3948, 1.0, 0.5886, 0.8]
  grid 22: chi2=26343.0 v=[74.0, 0.0043, 0.3948, 1.3, 0.5886, 0.8]
  grid 25: chi2=13371.9 v=[74.0, 0.0043, 0.4644, 0.5, 0.5886, 0.8]
  grid 28: chi2=11132.0 v=[74.0, 0.0043, 0.4644, 0.75, 0.5886, 0.8]
  grid 31: chi2=10981.1 v=[74.0, 0.0043, 0.4644, 1.0, 0.5886, 0.8]
  grid 34: chi2=10609.6 v=[74.0, 0.0043, 0.4644, 1.3, 0.5886, 0.8]
  grid 35: chi2=10249.7 v=[74.0, 0.0043, 0.4644, 1.3, 0.7357, 0.8]
  grid 40: chi2=7739.0 v=[74.0, 0.0043, 0.5573, 0.75, 0.5886, 0.8]
  grid 79: chi2=6272.8 v=[80.0, 0.0043, 0.4644, 0.5, 0.5886, 0.8]
  grid 175: chi2=6130.8 v=[87.0, 0.0043, 0.3948, 0.5, 0.5886, 0.8]
  grid 229: chi2=5913.7 v=[89.5, 0.0043, 0.3948, 0.5, 0.5886, 0.8]
grid best chi2=5913.72 (1776s)
  local-opt eval 25: best chi2 4217.50
  local-opt eval 50: best chi2 2383.47
  local-opt eval 75: best chi2 1812.38
  local-opt eval 100: best chi2 1589.96
  local-opt eval 125: best chi2 1017.63
  local-opt eval 150: best chi2 1008.85
  local-opt eval 175: best chi2 1005.86
  local-opt eval 200: best chi2 1005.86
  local-opt eval 225: best chi2 1005.59
  local-opt eval 250: best chi2 1005.24
  local-opt eval 275: best chi2 862.37
  local-opt eval 300: best chi2 574.63
  local-opt eval 325: best chi2 519.79
  local-opt eval 350: best chi2 508.86
  local-opt eval 375: best chi2 504.91
  local-opt eval 400: best chi2 504.91
  local-opt eval 425: best chi2 504.91
  local-opt eval 450: best chi2 504.91
  local-opt eval 475: best chi2 504.91
  local-opt eval 500: best chi2 504.44
  local-opt eval 525: best chi2 504.44
  local-opt eval 550: best chi2 504.44
  local-opt eval 575: best chi2 504.44
  local-opt eval 600: best chi2 504.44
  start 1/3 (grid chi2 5913.7) -> chi2 504.44
  local-opt eval 25: best chi2 4182.70
  local-opt eval 50: best chi2 3220.53
  local-opt eval 75: best chi2 2394.65
  local-opt eval 100: best chi2 2093.97
  local-opt eval 125: best chi2 1175.36
  local-opt eval 150: best chi2 785.66
  local-opt eval 175: best chi2 570.28
  local-opt eval 200: best chi2 519.38
  local-opt eval 225: best chi2 508.92
  local-opt eval 250: best chi2 505.68
  local-opt eval 275: best chi2 505.68
  local-opt eval 300: best chi2 488.30
  local-opt eval 325: best chi2 488.30
  local-opt eval 350: best chi2 476.55
  local-opt eval 375: best chi2 472.38
  local-opt eval 400: best chi2 472.38
  local-opt eval 425: best chi2 472.38
  local-opt eval 450: best chi2 472.38
  local-opt eval 475: best chi2 472.38
  local-opt eval 500: best chi2 472.38
  local-opt eval 525: best chi2 472.38
  local-opt eval 550: best chi2 472.38
  local-opt eval 575: best chi2 472.38
  local-opt eval 600: best chi2 467.59
  local-opt eval 625: best chi2 467.59
  local-opt eval 650: best chi2 467.59
