Connection to online passbands at https://tables.phoebe-project.org could not be established.  Check your internet connection or try again later (can manually call phoebe.list_online_passbands(refresh=True) to retry).  If the problem persists and you're using a Mac, you may need to update openssl (see https://phoebe-project.org/help/faq). Original error from urlopen: URLError <urlopen error Tunnel connection failed: 403 Forbidden>
=== J141909.42-565518.1 2026-10-04T12:53:19.539207+00:00  P=16.633733 t0=4084.88111 Teff1=11960 M1~3.77 q=0.8 distortion=sphere nbins=236
  eccentric: secondary at phase 0.5853 -> ecosw0=0.1339, esinw0=0.143
  sma=51.93 Rsun, eclipse width 0.042 -> rsum0=0.112, teffratio0=0.98
  grid 1: chi2=94971.7 v=[74.0, -0.009, 0.0783, 0.5, 0.7859, 0.1339, 0.1429]
  grid 4: chi2=94956.7 v=[74.0, -0.009, 0.0783, 0.75, 0.7859, 0.1339, 0.1429]
  grid 7: chi2=94953.4 v=[74.0, -0.009, 0.0783, 1.0, 0.7859, 0.1339, 0.1429]
  grid 13: chi2=94952.5 v=[74.0, -0.009, 0.0951, 0.5, 0.7859, 0.1339, 0.1429]
  grid 16: chi2=94880.2 v=[74.0, -0.009, 0.0951, 0.75, 0.7859, 0.1339, 0.1429]
  grid 40: chi2=94857.2 v=[74.0, -0.009, 0.1342, 0.75, 0.7859, 0.1339, 0.1429]
  grid 43: chi2=94838.5 v=[74.0, -0.009, 0.1342, 1.0, 0.7859, 0.1339, 0.1429]
  grid 52: chi2=94817.1 v=[74.0, -0.009, 0.1566, 0.75, 0.7859, 0.1339, 0.1429]
  grid 55: chi2=94792.6 v=[74.0, -0.009, 0.1566, 1.0, 0.7859, 0.1339, 0.1429]
  grid 58: chi2=94790.4 v=[74.0, -0.009, 0.1566, 1.3, 0.7859, 0.1339, 0.1429]
  grid 109: chi2=92826.3 v=[80.0, -0.009, 0.1566, 0.5, 0.7859, 0.1339, 0.1429]
  grid 112: chi2=92227.6 v=[80.0, -0.009, 0.1566, 0.75, 0.7859, 0.1339, 0.1429]
  grid 115: chi2=91869.2 v=[80.0, -0.009, 0.1566, 1.0, 0.7859, 0.1339, 0.1429]
  grid 118: chi2=91675.0 v=[80.0, -0.009, 0.1566, 1.3, 0.7859, 0.1339, 0.1429]
  grid 145: chi2=80974.3 v=[84.0, -0.009, 0.1118, 0.5, 0.7859, 0.1339, 0.1429]
  grid 148: chi2=77595.6 v=[84.0, -0.009, 0.1118, 0.75, 0.7859, 0.1339, 0.1429]
  grid 151: chi2=75717.7 v=[84.0, -0.009, 0.1118, 1.0, 0.7859, 0.1339, 0.1429]
  grid 154: chi2=74771.0 v=[84.0, -0.009, 0.1118, 1.3, 0.7859, 0.1339, 0.1429]
  grid 157: chi2=58239.9 v=[84.0, -0.009, 0.1342, 0.5, 0.7859, 0.1339, 0.1429]
  grid 160: chi2=50766.6 v=[84.0, -0.009, 0.1342, 0.75, 0.7859, 0.1339, 0.1429]
  grid 163: chi2=47118.0 v=[84.0, -0.009, 0.1342, 1.0, 0.7859, 0.1339, 0.1429]
  grid 166: chi2=45596.2 v=[84.0, -0.009, 0.1342, 1.3, 0.7859, 0.1339, 0.1429]
  grid 169: chi2=34009.4 v=[84.0, -0.009, 0.1566, 0.5, 0.7859, 0.1339, 0.1429]
  grid 172: chi2=24255.4 v=[84.0, -0.009, 0.1566, 0.75, 0.7859, 0.1339, 0.1429]
  grid 175: chi2=20456.0 v=[84.0, -0.009, 0.1566, 1.0, 0.7859, 0.1339, 0.1429]
  grid 178: chi2=19115.0 v=[84.0, -0.009, 0.1566, 1.3, 0.7859, 0.1339, 0.1429]
  grid 217: chi2=13139.5 v=[87.0, -0.009, 0.1342, 0.5, 0.7859, 0.1339, 0.1429]
  grid 218: chi2=12184.9 v=[87.0, -0.009, 0.1342, 0.5, 0.9824, 0.1339, 0.1429]
  grid 221: chi2=10450.5 v=[87.0, -0.009, 0.1342, 0.75, 0.9824, 0.1339, 0.1429]
  grid 227: chi2=10310.2 v=[87.0, -0.009, 0.1342, 1.3, 0.9824, 0.1339, 0.1429]
  grid 229: chi2=3270.3 v=[87.0, -0.009, 0.1566, 0.5, 0.7859, 0.1339, 0.1429]
  grid 230: chi2=2441.4 v=[87.0, -0.009, 0.1566, 0.5, 0.9824, 0.1339, 0.1429]
grid best chi2=2441.42 (625s)
  local-opt eval 25: best chi2 1014.65
  local-opt eval 50: best chi2 616.20
  local-opt eval 75: best chi2 459.50
  local-opt eval 100: best chi2 360.53
  local-opt eval 125: best chi2 247.92
  local-opt eval 150: best chi2 231.13
  local-opt eval 175: best chi2 225.77
  local-opt eval 200: best chi2 195.03
  local-opt eval 225: best chi2 195.03
  local-opt eval 250: best chi2 195.03
  local-opt eval 275: best chi2 183.86
  local-opt eval 300: best chi2 183.86
  local-opt eval 325: best chi2 183.86
  local-opt eval 350: best chi2 182.86
  local-opt eval 375: best chi2 182.85
  local-opt eval 400: best chi2 182.85
  local-opt eval 425: best chi2 182.85
  local-opt eval 450: best chi2 182.85
  local-opt eval 475: best chi2 182.85
  local-opt eval 500: best chi2 182.85
  local-opt eval 525: best chi2 182.85
  local-opt eval 550: best chi2 182.85
  local-opt eval 575: best chi2 182.85
  local-opt eval 600: best chi2 182.85
  local-opt eval 625: best chi2 182.85
  local-opt eval 650: best chi2 182.85
  local-opt eval 675: best chi2 182.85
  start 1/3 (grid chi2 2441.4) -> chi2 182.85
  local-opt eval 25: best chi2 2024.85
  local-opt eval 50: best chi2 881.83
  local-opt eval 75: best chi2 366.96
  local-opt eval 100: best chi2 215.70
  local-opt eval 125: best chi2 195.89
  local-opt eval 150: best chi2 195.89
  local-opt eval 175: best chi2 190.89
  local-opt eval 200: best chi2 189.53
  local-opt eval 225: best chi2 189.03
  local-opt eval 250: best chi2 189.03
  local-opt eval 275: best chi2 189.03
  local-opt eval 300: best chi2 189.03
  local-opt eval 325: best chi2 183.09
  local-opt eval 350: best chi2 183.09
  local-opt eval 375: best chi2 183.09
  local-opt eval 400: best chi2 183.09
  local-opt eval 425: best chi2 169.87
