Connection to online passbands at https://tables.phoebe-project.org could not be established.  Check your internet connection or try again later (can manually call phoebe.list_online_passbands(refresh=True) to retry).  If the problem persists and you're using a Mac, you may need to update openssl (see https://phoebe-project.org/help/faq). Original error from urlopen: URLError <urlopen error Tunnel connection failed: 403 Forbidden>
=== J160415.99-562627.3 2026-10-07T07:53:06.310265+00:00  P=2.207665 t0=4138.07428 Teff1=15554 M1~6.91 q=0.8 distortion=roche nbins=204
  eccentric: secondary at phase 0.5406 -> ecosw0=0.0638, esinw0=0.000
  sma=16.53 Rsun, eclipse width 0.112 -> rsum0=0.293, teffratio0=0.98
  grid 1: chi2=840423.0 v=[74.0, -0.0001, 0.2051, 0.5, 0.787, 0.0638, 0.0, 0.8]
  grid 2: chi2=838232.7 v=[74.0, -0.0001, 0.2051, 0.5, 0.9838, 0.0638, 0.0, 0.8]
  grid 3: chi2=837481.1 v=[74.0, -0.0001, 0.2051, 0.5, 1.1806, 0.0638, 0.0, 0.8]
  grid 13: chi2=827744.2 v=[74.0, -0.0001, 0.249, 0.5, 0.787, 0.0638, 0.0, 0.8]
  grid 14: chi2=824822.9 v=[74.0, -0.0001, 0.249, 0.5, 0.9838, 0.0638, 0.0, 0.8]
  grid 15: chi2=824116.4 v=[74.0, -0.0001, 0.249, 0.5, 1.1806, 0.0638, 0.0, 0.8]
  grid 25: chi2=801010.2 v=[74.0, -0.0001, 0.2929, 0.5, 0.787, 0.0638, 0.0, 0.8]
  grid 26: chi2=793726.0 v=[74.0, -0.0001, 0.2929, 0.5, 0.9838, 0.0638, 0.0, 0.8]
  grid 27: chi2=789900.2 v=[74.0, -0.0001, 0.2929, 0.5, 1.1806, 0.0638, 0.0, 0.8]
  grid 37: chi2=666012.2 v=[74.0, -0.0001, 0.3515, 0.5, 0.787, 0.0638, 0.0, 0.8]
  grid 38: chi2=632870.6 v=[74.0, -0.0001, 0.3515, 0.5, 0.9838, 0.0638, 0.0, 0.8]
  grid 39: chi2=607174.6 v=[74.0, -0.0001, 0.3515, 0.5, 1.1806, 0.0638, 0.0, 0.8]
  grid 49: chi2=496098.4 v=[74.0, -0.0001, 0.4101, 0.5, 0.787, 0.0638, 0.0, 0.8]
  grid 50: chi2=437041.3 v=[74.0, -0.0001, 0.4101, 0.5, 0.9838, 0.0638, 0.0, 0.8]
  grid 51: chi2=391614.3 v=[74.0, -0.0001, 0.4101, 0.5, 1.1806, 0.0638, 0.0, 0.8]
  grid 54: chi2=377317.1 v=[74.0, -0.0001, 0.4101, 0.75, 1.1806, 0.0638, 0.0, 0.8]
  grid 90: chi2=368470.9 v=[80.0, -0.0001, 0.2929, 0.75, 1.1806, 0.0638, 0.0, 0.8]
  grid 97: chi2=342905.7 v=[80.0, -0.0001, 0.3515, 0.5, 0.787, 0.0638, 0.0, 0.8]
  grid 98: chi2=258980.0 v=[80.0, -0.0001, 0.3515, 0.5, 0.9838, 0.0638, 0.0, 0.8]
  grid 99: chi2=200773.4 v=[80.0, -0.0001, 0.3515, 0.5, 1.1806, 0.0638, 0.0, 0.8]
  grid 102: chi2=161702.5 v=[80.0, -0.0001, 0.3515, 0.75, 1.1806, 0.0638, 0.0, 0.8]
  grid 110: chi2=148117.2 v=[80.0, -0.0001, 0.4101, 0.5, 0.9838, 0.0638, 0.0, 0.8]
  grid 111: chi2=99566.3 v=[80.0, -0.0001, 0.4101, 0.5, 1.1806, 0.0638, 0.0, 0.8]
  grid 113: chi2=75436.5 v=[80.0, -0.0001, 0.4101, 0.75, 0.9838, 0.0638, 0.0, 0.8]
  grid 114: chi2=52504.4 v=[80.0, -0.0001, 0.4101, 0.75, 1.1806, 0.0638, 0.0, 0.8]
  grid 117: chi2=50396.0 v=[80.0, -0.0001, 0.4101, 1.0, 1.1806, 0.0638, 0.0, 0.8]
  grid 161: chi2=33752.5 v=[84.0, -0.0001, 0.3515, 0.75, 0.9838, 0.0638, 0.0, 0.8]
  grid 162: chi2=30636.2 v=[84.0, -0.0001, 0.3515, 0.75, 1.1806, 0.0638, 0.0, 0.8]
  grid 164: chi2=24445.2 v=[84.0, -0.0001, 0.3515, 1.0, 0.9838, 0.0638, 0.0, 0.8]
  grid 173: chi2=6086.1 v=[84.0, -0.0001, 0.4101, 0.75, 0.9838, 0.0638, 0.0, 0.8]
  grid 176: chi2=4973.2 v=[84.0, -0.0001, 0.4101, 1.0, 0.9838, 0.0638, 0.0, 0.8]
grid best chi2=4973.22 (3821s)
  local-opt eval 25: best chi2 1757.22
  local-opt eval 50: best chi2 760.46
  local-opt eval 75: best chi2 511.82
  local-opt eval 100: best chi2 499.71
  local-opt eval 125: best chi2 473.53
  local-opt eval 150: best chi2 470.72
  local-opt eval 175: best chi2 466.91
  local-opt eval 200: best chi2 466.91
  local-opt eval 225: best chi2 466.91
  local-opt eval 250: best chi2 466.91
  local-opt eval 275: best chi2 460.01
  local-opt eval 300: best chi2 435.39
  local-opt eval 325: best chi2 435.39
  local-opt eval 350: best chi2 435.39
  local-opt eval 375: best chi2 435.39
  local-opt eval 400: best chi2 435.39
  local-opt eval 425: best chi2 435.39
  local-opt eval 450: best chi2 435.39
  local-opt eval 475: best chi2 435.39
  local-opt eval 500: best chi2 435.39
  local-opt eval 525: best chi2 435.39
  local-opt eval 550: best chi2 435.39
  local-opt eval 575: best chi2 435.39
  local-opt eval 600: best chi2 435.39
  local-opt eval 625: best chi2 435.39
  local-opt eval 650: best chi2 435.39
  local-opt eval 675: best chi2 435.39
  start 1/3 (grid chi2 4973.2) -> chi2 435.39
  local-opt eval 25: best chi2 2559.60
  local-opt eval 50: best chi2 1192.18
  local-opt eval 75: best chi2 585.59
  local-opt eval 100: best chi2 446.95
