Connection to online passbands at https://tables.phoebe-project.org could not be established.  Check your internet connection or try again later (can manually call phoebe.list_online_passbands(refresh=True) to retry).  If the problem persists and you're using a Mac, you may need to update openssl (see https://phoebe-project.org/help/faq). Original error from urlopen: URLError <urlopen error Tunnel connection failed: 403 Forbidden>
=== J220912.52+582025.0 2026-10-03T14:01:57.151628+00:00  P=1.481212 t0=3386.77062 Teff1=3350 M1~0.35 q=0.8 distortion=roche nbins=158
  sma=4.69 Rsun, eclipse width 0.212 -> rsum0=0.525, teffratio0=0.93
  grid 1: chi2=2295.0 v=[74.0, -0.0007, 0.3676, 0.5, 0.7478, 0.8]
  grid 2: chi2=2223.7 v=[74.0, -0.0007, 0.3676, 0.5, 0.9347, 0.8]
  grid 13: chi2=672.3 v=[74.0, -0.0007, 0.4464, 0.5, 0.7478, 0.8]
  grid 14: chi2=381.9 v=[74.0, -0.0007, 0.4464, 0.5, 0.9347, 0.8]
grid best chi2=381.91 (1286s)
  local-opt eval 25: best chi2 295.60
  local-opt eval 50: best chi2 281.48
  local-opt eval 75: best chi2 272.99
  local-opt eval 100: best chi2 269.15
  local-opt eval 125: best chi2 266.05
  local-opt eval 150: best chi2 265.42
  local-opt eval 175: best chi2 265.42
  local-opt eval 200: best chi2 261.67
  local-opt eval 225: best chi2 260.30
  local-opt eval 250: best chi2 254.58
  local-opt eval 275: best chi2 253.25
  local-opt eval 300: best chi2 252.80
  local-opt eval 325: best chi2 252.69
  local-opt eval 350: best chi2 252.24
  local-opt eval 375: best chi2 252.24
  local-opt eval 400: best chi2 252.24
  local-opt eval 425: best chi2 252.24
  local-opt eval 450: best chi2 252.22
  local-opt eval 475: best chi2 252.22
  local-opt eval 500: best chi2 250.68
  local-opt eval 525: best chi2 250.68
  start 1/3 (grid chi2 381.9) -> chi2 250.68
  local-opt eval 25: best chi2 391.52
  local-opt eval 50: best chi2 256.75
  local-opt eval 75: best chi2 232.74
  local-opt eval 100: best chi2 191.23
  local-opt eval 125: best chi2 161.34
  local-opt eval 150: best chi2 157.76
  local-opt eval 175: best chi2 157.15
  local-opt eval 200: best chi2 157.15
  local-opt eval 225: best chi2 157.15
  local-opt eval 250: best chi2 156.98
  local-opt eval 275: best chi2 156.80
  local-opt eval 300: best chi2 156.80
  local-opt eval 325: best chi2 156.80
  local-opt eval 350: best chi2 156.80
  local-opt eval 375: best chi2 156.80
  local-opt eval 400: best chi2 156.80
  local-opt eval 425: best chi2 156.80
  local-opt eval 450: best chi2 156.80
  local-opt eval 475: best chi2 156.80
  local-opt eval 500: best chi2 156.80
  local-opt eval 525: best chi2 156.80
  local-opt eval 550: best chi2 156.80
  local-opt eval 575: best chi2 156.80
  start 2/3 (grid chi2 638.6) -> chi2 156.80
  local-opt eval 25: best chi2 350.12
  local-opt eval 50: best chi2 237.65
  local-opt eval 75: best chi2 224.55
  local-opt eval 100: best chi2 206.37
  local-opt eval 125: best chi2 183.63
  local-opt eval 150: best chi2 176.80
  local-opt eval 175: best chi2 176.80
  local-opt eval 200: best chi2 175.90
  local-opt eval 225: best chi2 175.90
  local-opt eval 250: best chi2 173.12
  local-opt eval 275: best chi2 173.12
  local-opt eval 300: best chi2 172.00
  local-opt eval 325: best chi2 171.17
  local-opt eval 350: best chi2 171.17
  local-opt eval 375: best chi2 171.17
  local-opt eval 400: best chi2 171.17
  local-opt eval 425: best chi2 171.17
  local-opt eval 450: best chi2 171.17
  local-opt eval 475: best chi2 171.17
  local-opt eval 500: best chi2 171.17
  local-opt eval 525: best chi2 171.17
  local-opt eval 550: best chi2 171.17
  local-opt eval 575: best chi2 171.17
  local-opt eval 600: best chi2 171.17
  start 3/3 (grid chi2 651.4) -> chi2 171.17
local-opt (Nelder-Mead) chi2=156.80 after 1748 evals v=[65.40219, -0.00084, 0.60362, 1.04799, 0.92388, 0.94653]
  emcee 14x30 in 1751s, acc=0.45
{"incl": 65.40218838893743, "r1_frac": 0.29473608053696904, "r2_frac": 0.3088793583961549, "teffratio": 0.9238790746588459, "chi2_final_hires": 155.74489943482013, "passes_all": false}
photometry: {"chi2": 155.74489943482013, "dof": 151, "chi2_red": 1.031423175065034, "rms": 0.007772432899669172, "primary_mean_resid": -8.843367017297155e-05, "primary_bias_sigma": -0.01088888943189615, "secondary_mean_resid": -0.007357709102148141, "secondary_bias_sigma": -0.8576454775799865, "pass_fit": true, "pass_no_eclipse_bias": true}
blackbody: {"status": "no AllWISE row"}
