Connection to online passbands at https://tables.phoebe-project.org could not be established.  Check your internet connection or try again later (can manually call phoebe.list_online_passbands(refresh=True) to retry).  If the problem persists and you're using a Mac, you may need to update openssl (see https://phoebe-project.org/help/faq). Original error from urlopen: URLError <urlopen error Tunnel connection failed: 403 Forbidden>
=== J221843.61+544715.0 2026-10-04T14:45:29.356781+00:00  P=1.669261 t0=3387.03039 Teff1=9500 M1~2.31 q=0.8 distortion=roche nbins=196
  sma=9.53 Rsun, eclipse width 0.128 -> rsum0=0.333, teffratio0=0.84
  grid 1: chi2=799230.8 v=[74.0, 0.0004, 0.2329, 0.5, 0.6734, 0.8]
  grid 13: chi2=724413.6 v=[74.0, 0.0004, 0.2828, 0.5, 0.6734, 0.8]
  grid 25: chi2=428024.8 v=[74.0, 0.0004, 0.3327, 0.5, 0.6734, 0.8]
  grid 35: chi2=423185.9 v=[74.0, 0.0004, 0.3327, 1.3, 0.8418, 0.8]
  grid 37: chi2=66812.1 v=[74.0, 0.0004, 0.3992, 0.5, 0.6734, 0.8]
  grid 47: chi2=59766.2 v=[74.0, 0.0004, 0.3992, 1.3, 0.8418, 0.8]
grid best chi2=59766.16 (2208s)
  local-opt eval 25: best chi2 38022.12
  local-opt eval 50: best chi2 25350.98
  local-opt eval 75: best chi2 24680.85
  local-opt eval 100: best chi2 24680.85
  local-opt eval 125: best chi2 24680.28
  local-opt eval 150: best chi2 24635.42
  local-opt eval 175: best chi2 24595.31
  local-opt eval 200: best chi2 24463.24
  local-opt eval 225: best chi2 24367.04
  local-opt eval 250: best chi2 24367.04
  local-opt eval 275: best chi2 24367.04
  local-opt eval 300: best chi2 24367.04
  local-opt eval 325: best chi2 24367.04
  local-opt eval 350: best chi2 24367.04
  local-opt eval 375: best chi2 24367.04
  local-opt eval 400: best chi2 24367.04
  local-opt eval 425: best chi2 24367.04
  local-opt eval 450: best chi2 24347.87
  local-opt eval 475: best chi2 24347.87
  local-opt eval 500: best chi2 24347.87
  start 1/3 (grid chi2 59766.2) -> chi2 24331.02
  local-opt eval 25: best chi2 18279.26
  local-opt eval 50: best chi2 13856.73
  local-opt eval 75: best chi2 12717.09
  local-opt eval 100: best chi2 10684.42
  local-opt eval 125: best chi2 9484.35
  local-opt eval 150: best chi2 5254.17
  local-opt eval 175: best chi2 2653.57
  local-opt eval 200: best chi2 2120.99
  local-opt eval 225: best chi2 2088.39
  local-opt eval 250: best chi2 2074.92
  local-opt eval 275: best chi2 2041.68
  local-opt eval 300: best chi2 2041.68
  local-opt eval 325: best chi2 2041.68
  local-opt eval 350: best chi2 1936.32
  local-opt eval 375: best chi2 1936.32
  local-opt eval 400: best chi2 1936.32
  local-opt eval 425: best chi2 1936.32
  local-opt eval 450: best chi2 1936.32
  local-opt eval 475: best chi2 1936.32
  local-opt eval 500: best chi2 1936.32
  local-opt eval 525: best chi2 1936.32
  local-opt eval 550: best chi2 1936.32
  local-opt eval 575: best chi2 1936.32
  local-opt eval 600: best chi2 1936.32
  local-opt eval 625: best chi2 1936.32
  local-opt eval 650: best chi2 1936.32
  local-opt eval 675: best chi2 1936.32
  start 2/3 (grid chi2 66812.1) -> chi2 1936.32
  local-opt eval 25: best chi2 45594.54
  local-opt eval 50: best chi2 20159.46
  local-opt eval 75: best chi2 19603.49
  local-opt eval 100: best chi2 19504.23
  local-opt eval 125: best chi2 19329.69
  local-opt eval 150: best chi2 19304.91
  local-opt eval 175: best chi2 19304.91
  local-opt eval 200: best chi2 19304.91
  local-opt eval 225: best chi2 19304.91
  local-opt eval 250: best chi2 19304.91
  local-opt eval 275: best chi2 19304.91
  local-opt eval 300: best chi2 19300.60
  local-opt eval 325: best chi2 19300.60
  local-opt eval 350: best chi2 19270.34
  local-opt eval 375: best chi2 19270.34
  local-opt eval 400: best chi2 19270.34
  local-opt eval 425: best chi2 19270.34
  local-opt eval 450: best chi2 19270.34
  local-opt eval 475: best chi2 19270.34
  local-opt eval 500: best chi2 19270.34
  local-opt eval 525: best chi2 19270.34
  start 3/3 (grid chi2 79252.0) -> chi2 19270.34
local-opt (Nelder-Mead) chi2=1936.32 after 1748 evals v=[76.77184, -4e-05, 0.45401, 0.3419, 0.70562, 0.32084]
