Connection to online passbands at https://tables.phoebe-project.org could not be established.  Check your internet connection or try again later (can manually call phoebe.list_online_passbands(refresh=True) to retry).  If the problem persists and you're using a Mac, you may need to update openssl (see https://phoebe-project.org/help/faq). Original error from urlopen: URLError <urlopen error Tunnel connection failed: 403 Forbidden>
=== J223949.47+583254.4 2026-10-03T13:49:18.197237+00:00  P=3.092438 t0=1778.89390 Teff1=8188 M1~1.80 q=0.8 distortion=sphere nbins=161
  eccentric: secondary at phase 0.5040 -> ecosw0=0.0063, esinw0=0.013
  sma=13.21 Rsun, eclipse width 0.152 -> rsum0=0.391, teffratio0=0.74
  grid 1: chi2=850848.2 v=[74.0, 0.0046, 0.2735, 0.5, 0.592, 0.0063, 0.013]
  grid 2: chi2=848288.3 v=[74.0, 0.0046, 0.2735, 0.5, 0.74, 0.0063, 0.013]
  grid 13: chi2=804222.1 v=[74.0, 0.0046, 0.332, 0.5, 0.592, 0.0063, 0.013]
  grid 14: chi2=789902.9 v=[74.0, 0.0046, 0.332, 0.5, 0.74, 0.0063, 0.013]
  grid 15: chi2=779192.9 v=[74.0, 0.0046, 0.332, 0.5, 0.888, 0.0063, 0.013]
  grid 18: chi2=772445.9 v=[74.0, 0.0046, 0.332, 0.75, 0.888, 0.0063, 0.013]
  grid 21: chi2=769300.7 v=[74.0, 0.0046, 0.332, 1.0, 0.888, 0.0063, 0.013]
  grid 24: chi2=767247.3 v=[74.0, 0.0046, 0.332, 1.3, 0.888, 0.0063, 0.013]
  grid 25: chi2=702932.6 v=[74.0, 0.0046, 0.3906, 0.5, 0.592, 0.0063, 0.013]
  grid 26: chi2=663973.7 v=[74.0, 0.0046, 0.3906, 0.5, 0.74, 0.0063, 0.013]
  grid 27: chi2=634138.9 v=[74.0, 0.0046, 0.3906, 0.5, 0.888, 0.0063, 0.013]
  grid 30: chi2=605077.7 v=[74.0, 0.0046, 0.3906, 0.75, 0.888, 0.0063, 0.013]
  grid 33: chi2=592375.7 v=[74.0, 0.0046, 0.3906, 1.0, 0.888, 0.0063, 0.013]
  grid 36: chi2=590010.3 v=[74.0, 0.0046, 0.3906, 1.3, 0.888, 0.0063, 0.013]
  grid 37: chi2=496265.7 v=[74.0, 0.0046, 0.4688, 0.5, 0.592, 0.0063, 0.013]
  grid 38: chi2=435510.1 v=[74.0, 0.0046, 0.4688, 0.5, 0.74, 0.0063, 0.013]
  grid 39: chi2=406999.1 v=[74.0, 0.0046, 0.4688, 0.5, 0.888, 0.0063, 0.013]
  grid 41: chi2=366110.9 v=[74.0, 0.0046, 0.4688, 0.75, 0.74, 0.0063, 0.013]
  grid 42: chi2=348210.6 v=[74.0, 0.0046, 0.4688, 0.75, 0.888, 0.0063, 0.013]
  grid 44: chi2=335055.8 v=[74.0, 0.0046, 0.4688, 1.0, 0.74, 0.0063, 0.013]
  grid 45: chi2=323583.9 v=[74.0, 0.0046, 0.4688, 1.0, 0.888, 0.0063, 0.013]
  grid 47: chi2=319456.8 v=[74.0, 0.0046, 0.4688, 1.3, 0.74, 0.0063, 0.013]
  grid 48: chi2=315745.2 v=[74.0, 0.0046, 0.4688, 1.3, 0.888, 0.0063, 0.013]
  grid 49: chi2=305002.2 v=[74.0, 0.0046, 0.5469, 0.5, 0.592, 0.0063, 0.013]
  grid 50: chi2=232228.9 v=[74.0, 0.0046, 0.5469, 0.5, 0.74, 0.0063, 0.013]
  grid 51: chi2=227349.9 v=[74.0, 0.0046, 0.5469, 0.5, 0.888, 0.0063, 0.013]
  grid 53: chi2=154923.3 v=[74.0, 0.0046, 0.5469, 0.75, 0.74, 0.0063, 0.013]
  grid 56: chi2=142140.7 v=[74.0, 0.0046, 0.5469, 1.0, 0.74, 0.0063, 0.013]
  grid 60: chi2=133232.2 v=[74.0, 0.0046, 0.5469, 1.3, 0.888, 0.0063, 0.013]
  grid 101: chi2=101642.4 v=[80.0, 0.0046, 0.4688, 0.75, 0.74, 0.0063, 0.013]
  grid 110: chi2=79935.9 v=[80.0, 0.0046, 0.5469, 0.5, 0.74, 0.0063, 0.013]
  grid 170: chi2=58058.5 v=[84.0, 0.0046, 0.5469, 0.5, 0.74, 0.0063, 0.013]
  grid 230: chi2=55184.3 v=[87.0, 0.0046, 0.5469, 0.5, 0.74, 0.0063, 0.013]
  grid 290: chi2=54151.6 v=[89.5, 0.0046, 0.5469, 0.5, 0.74, 0.0063, 0.013]
grid best chi2=54151.61 (373s)
  local-opt eval 25: best chi2 39089.24
  local-opt eval 50: best chi2 36355.38
  local-opt eval 75: best chi2 35554.86
  local-opt eval 100: best chi2 35183.96
  local-opt eval 125: best chi2 34833.76
