Connection to online passbands at https://tables.phoebe-project.org could not be established.  Check your internet connection or try again later (can manually call phoebe.list_online_passbands(refresh=True) to retry).  If the problem persists and you're using a Mac, you may need to update openssl (see https://phoebe-project.org/help/faq). Original error from urlopen: URLError <urlopen error Tunnel connection failed: 403 Forbidden>
=== J223553.38+500414.8 2026-10-05T10:00:51.164779+00:00  P=10.918585 t0=3382.95426 Teff1=12746 M1~4.37 q=0.8 distortion=sphere nbins=143
  eccentric: secondary at phase 0.5860 -> ecosw0=0.1351, esinw0=0.500
  sma=41.19 Rsun, eclipse width 0.090 -> rsum0=0.237, teffratio0=0.57
  grid 1: chi2=5809.2 v=[74.0, -0.0055, 0.166, 0.5, 0.4523, 0.1351, 0.5]
grid best chi2=5809.25 (678s)
  local-opt eval 25: best chi2 5128.88
  local-opt eval 50: best chi2 3832.82
  local-opt eval 75: best chi2 3024.93
  local-opt eval 100: best chi2 2601.50
  local-opt eval 125: best chi2 2290.94
  local-opt eval 150: best chi2 2263.56
  local-opt eval 175: best chi2 2261.59
  local-opt eval 200: best chi2 2260.74
  local-opt eval 225: best chi2 2256.23
  local-opt eval 250: best chi2 2249.34
  local-opt eval 275: best chi2 2216.00
  local-opt eval 300: best chi2 2173.17
  local-opt eval 325: best chi2 1985.47
  local-opt eval 350: best chi2 1840.75
  local-opt eval 375: best chi2 1838.71
  local-opt eval 400: best chi2 1800.42
  local-opt eval 425: best chi2 1800.42
  local-opt eval 450: best chi2 1789.18
  local-opt eval 475: best chi2 1789.06
  local-opt eval 500: best chi2 1788.57
  local-opt eval 525: best chi2 1788.26
  local-opt eval 550: best chi2 1788.08
  local-opt eval 575: best chi2 1788.05
  local-opt eval 600: best chi2 1786.01
  local-opt eval 625: best chi2 1786.01
  local-opt eval 650: best chi2 1780.73
  local-opt eval 675: best chi2 1778.04
  local-opt eval 700: best chi2 1776.43
  local-opt eval 725: best chi2 1776.01
  local-opt eval 750: best chi2 1775.52
  local-opt eval 775: best chi2 1775.04
  local-opt eval 800: best chi2 1774.61
  local-opt eval 825: best chi2 1774.57
  local-opt eval 850: best chi2 1774.57
  local-opt eval 875: best chi2 1774.57
  local-opt eval 900: best chi2 1774.57
  local-opt eval 925: best chi2 1774.57
  local-opt eval 950: best chi2 1774.57
  local-opt eval 975: best chi2 1774.57
  local-opt eval 1000: best chi2 1774.56
  local-opt eval 1025: best chi2 1774.55
  local-opt eval 1050: best chi2 1774.55
  local-opt eval 1075: best chi2 1774.54
  local-opt eval 1100: best chi2 1774.54
  start 1/3 (grid chi2 5809.2) -> chi2 1774.54
  local-opt eval 25: best chi2 6757.75
  local-opt eval 50: best chi2 3705.75
  local-opt eval 75: best chi2 3047.70
  local-opt eval 100: best chi2 2762.54
  local-opt eval 125: best chi2 2484.03
  local-opt eval 150: best chi2 2292.83
  local-opt eval 175: best chi2 2264.37
  local-opt eval 200: best chi2 2260.02
  local-opt eval 225: best chi2 2259.10
  local-opt eval 250: best chi2 2258.25
  local-opt eval 275: best chi2 2257.96
  local-opt eval 300: best chi2 2257.93
  local-opt eval 325: best chi2 2257.86
  local-opt eval 350: best chi2 2257.53
  local-opt eval 375: best chi2 2256.98
  local-opt eval 400: best chi2 2239.40
  local-opt eval 425: best chi2 2239.40
  local-opt eval 450: best chi2 2230.14
  local-opt eval 475: best chi2 2230.14
  local-opt eval 500: best chi2 2230.14
  local-opt eval 525: best chi2 2230.14
  local-opt eval 550: best chi2 2230.14
  local-opt eval 575: best chi2 2230.14
  local-opt eval 600: best chi2 2230.14
  local-opt eval 625: best chi2 2230.14
  local-opt eval 650: best chi2 2230.14
  local-opt eval 675: best chi2 2230.14
  local-opt eval 700: best chi2 2230.14
  local-opt eval 725: best chi2 2230.14
  local-opt eval 750: best chi2 2230.14
  local-opt eval 775: best chi2 2230.14
  local-opt eval 800: best chi2 2230.14
  local-opt eval 825: best chi2 2230.14
  local-opt eval 850: best chi2 2220.44
