Connection to online passbands at https://tables.phoebe-project.org could not be established.  Check your internet connection or try again later (can manually call phoebe.list_online_passbands(refresh=True) to retry).  If the problem persists and you're using a Mac, you may need to update openssl (see https://phoebe-project.org/help/faq). Original error from urlopen: URLError <urlopen error Tunnel connection failed: 403 Forbidden>
=== J223949.47+583254.4 2026-10-03T16:58:55.961231+00:00  P=3.092438 t0=1778.89390 Teff1=15003 M1~6.36 q=0.8 distortion=sphere nbins=161
  sma=20.13 Rsun, eclipse width 0.152 -> rsum0=0.391, teffratio0=0.74
  grid 1: chi2=850447.1 v=[74.0, 0.0046, 0.2735, 0.5, 0.592]
  grid 2: chi2=844535.1 v=[74.0, 0.0046, 0.2735, 0.5, 0.74]
  grid 3: chi2=843330.9 v=[74.0, 0.0046, 0.2735, 0.5, 0.888]
  grid 13: chi2=792984.0 v=[74.0, 0.0046, 0.332, 0.5, 0.592]
  grid 14: chi2=773476.6 v=[74.0, 0.0046, 0.332, 0.5, 0.74]
  grid 15: chi2=762363.1 v=[74.0, 0.0046, 0.332, 0.5, 0.888]
  grid 18: chi2=752900.4 v=[74.0, 0.0046, 0.332, 0.75, 0.888]
  grid 21: chi2=749445.9 v=[74.0, 0.0046, 0.332, 1.0, 0.888]
  grid 24: chi2=749317.0 v=[74.0, 0.0046, 0.332, 1.3, 0.888]
  grid 25: chi2=676726.1 v=[74.0, 0.0046, 0.3906, 0.5, 0.592]
  grid 26: chi2=640599.1 v=[74.0, 0.0046, 0.3906, 0.5, 0.74]
  grid 27: chi2=620397.9 v=[74.0, 0.0046, 0.3906, 0.5, 0.888]
  grid 29: chi2=608774.0 v=[74.0, 0.0046, 0.3906, 0.75, 0.74]
  grid 30: chi2=590905.3 v=[74.0, 0.0046, 0.3906, 0.75, 0.888]
  grid 33: chi2=580269.2 v=[74.0, 0.0046, 0.3906, 1.0, 0.888]
  grid 37: chi2=453181.9 v=[74.0, 0.0046, 0.4688, 0.5, 0.592]
  grid 38: chi2=407101.6 v=[74.0, 0.0046, 0.4688, 0.5, 0.74]
  grid 39: chi2=394931.0 v=[74.0, 0.0046, 0.4688, 0.5, 0.888]
  grid 41: chi2=340069.5 v=[74.0, 0.0046, 0.4688, 0.75, 0.74]
  grid 44: chi2=312300.1 v=[74.0, 0.0046, 0.4688, 1.0, 0.74]
  grid 47: chi2=301784.1 v=[74.0, 0.0046, 0.4688, 1.3, 0.74]
  grid 49: chi2=259958.0 v=[74.0, 0.0046, 0.5469, 0.5, 0.592]
  grid 50: chi2=211275.7 v=[74.0, 0.0046, 0.5469, 0.5, 0.74]
  grid 53: chi2=142000.2 v=[74.0, 0.0046, 0.5469, 0.75, 0.74]
  grid 56: chi2=126139.7 v=[74.0, 0.0046, 0.5469, 1.0, 0.74]
  grid 59: chi2=123084.6 v=[74.0, 0.0046, 0.5469, 1.3, 0.74]
  grid 109: chi2=108738.7 v=[80.0, 0.0046, 0.5469, 0.5, 0.592]
  grid 110: chi2=81923.9 v=[80.0, 0.0046, 0.5469, 0.5, 0.74]
  grid 170: chi2=67124.1 v=[84.0, 0.0046, 0.5469, 0.5, 0.74]
  grid 230: chi2=67105.9 v=[87.0, 0.0046, 0.5469, 0.5, 0.74]
  grid 290: chi2=67052.2 v=[89.5, 0.0046, 0.5469, 0.5, 0.74]
grid best chi2=67052.25 (361s)
  local-opt eval 25: best chi2 50649.83
  local-opt eval 50: best chi2 49403.64
  local-opt eval 75: best chi2 48177.38
  local-opt eval 100: best chi2 48129.98
  local-opt eval 125: best chi2 48126.42
  local-opt eval 150: best chi2 48126.42
  local-opt eval 175: best chi2 48126.42
  local-opt eval 200: best chi2 48126.42
  local-opt eval 225: best chi2 48126.40
  local-opt eval 250: best chi2 48126.40
  local-opt eval 275: best chi2 48126.40
  local-opt eval 300: best chi2 48126.40
  local-opt eval 325: best chi2 48126.40
  local-opt eval 350: best chi2 48126.40
  local-opt eval 375: best chi2 48126.40
  local-opt eval 400: best chi2 48126.40
  start 1/3 (grid chi2 67052.2) -> chi2 48126.40
  local-opt eval 25: best chi2 50314.92
  local-opt eval 50: best chi2 49240.67
  local-opt eval 75: best chi2 48031.64
  local-opt eval 100: best chi2 48031.64
  local-opt eval 125: best chi2 47925.94
  local-opt eval 150: best chi2 47925.94
  local-opt eval 175: best chi2 47918.60
  local-opt eval 200: best chi2 47918.56
  local-opt eval 225: best chi2 47918.56
  local-opt eval 250: best chi2 47918.56
  local-opt eval 275: best chi2 47918.56
  local-opt eval 300: best chi2 47918.56
  local-opt eval 325: best chi2 47918.56
  local-opt eval 350: best chi2 47918.56
  local-opt eval 375: best chi2 47918.56
  local-opt eval 400: best chi2 47918.56
  start 2/3 (grid chi2 67105.9) -> chi2 47918.56
  local-opt eval 25: best chi2 53753.19
  local-opt eval 50: best chi2 51311.64
  local-opt eval 75: best chi2 48848.46
  local-opt eval 100: best chi2 48848.46
  local-opt eval 125: best chi2 48828.38
  local-opt eval 150: best chi2 48089.34
  local-opt eval 175: best chi2 48089.34
  local-opt eval 200: best chi2 48089.34
  local-opt eval 225: best chi2 48089.34
  local-opt eval 250: best chi2 48089.34
  local-opt eval 275: best chi2 48089.34
  local-opt eval 300: best chi2 48089.34
  local-opt eval 325: best chi2 48089.34
  start 3/3 (grid chi2 67124.1) -> chi2 48089.34
local-opt (Nelder-Mead) chi2=47918.56 after 1183 evals v=[88.73535, 0.00517, 0.50099, 0.55591, 0.66631]
  emcee 12x30 in 531s, acc=0.48
{"incl": 88.67009271724115, "r1_frac": 0.3244820208657464, "r2_frac": 0.17886405610743125, "teffratio": 0.6638590867188908, "chi2_final_hires": 49350.07619109261, "passes_all": false}
photometry: {"chi2": 49350.07619109261, "dof": 155, "chi2_red": 318.38758832962975, "rms": 0.014471895231762394, "primary_mean_resid": -0.07622802616453239, "primary_bias_sigma": -88.53654170942508, "secondary_mean_resid": 0.010480522394894914, "secondary_bias_sigma": 22.382644735373866, "pass_fit": false, "pass_no_eclipse_bias": false}
blackbody: {"status": "no AllWISE row"}
