Connection to online passbands at https://tables.phoebe-project.org could not be established.  Check your internet connection or try again later (can manually call phoebe.list_online_passbands(refresh=True) to retry).  If the problem persists and you're using a Mac, you may need to update openssl (see https://phoebe-project.org/help/faq). Original error from urlopen: URLError <urlopen error Tunnel connection failed: 403 Forbidden>
=== J231201.40+532028.6 2026-10-05T07:52:43.590930+00:00  P=6.849530 t0=2868.13335 Teff1=9932 M1~2.50 q=0.8 distortion=sphere nbins=223
  sma=25.04 Rsun, eclipse width 0.070 -> rsum0=0.185, teffratio0=0.98
  grid 1: chi2=184221.8 v=[74.0, -0.0034, 0.1298, 0.5, 0.7812]
  grid 2: chi2=184168.4 v=[74.0, -0.0034, 0.1298, 0.5, 0.9766]
  grid 3: chi2=184121.7 v=[74.0, -0.0034, 0.1298, 0.5, 1.1719]
  grid 5: chi2=184070.6 v=[74.0, -0.0034, 0.1298, 0.75, 0.9766]
  grid 6: chi2=184021.9 v=[74.0, -0.0034, 0.1298, 0.75, 1.1719]
  grid 8: chi2=184002.8 v=[74.0, -0.0034, 0.1298, 1.0, 0.9766]
  grid 9: chi2=183965.2 v=[74.0, -0.0034, 0.1298, 1.0, 1.1719]
  grid 11: chi2=183955.9 v=[74.0, -0.0034, 0.1298, 1.3, 0.9766]
  grid 12: chi2=183932.5 v=[74.0, -0.0034, 0.1298, 1.3, 1.1719]
  grid 24: chi2=183932.5 v=[74.0, -0.0034, 0.1576, 1.3, 1.1719]
  grid 36: chi2=183932.5 v=[74.0, -0.0034, 0.1854, 1.3, 1.1719]
  grid 97: chi2=182370.6 v=[80.0, -0.0034, 0.2225, 0.5, 0.7812]
  grid 98: chi2=180490.4 v=[80.0, -0.0034, 0.2225, 0.5, 0.9766]
  grid 99: chi2=178792.1 v=[80.0, -0.0034, 0.2225, 0.5, 1.1719]
  grid 102: chi2=177979.6 v=[80.0, -0.0034, 0.2225, 0.75, 1.1719]
  grid 105: chi2=177894.4 v=[80.0, -0.0034, 0.2225, 1.0, 1.1719]
  grid 109: chi2=151110.5 v=[80.0, -0.0034, 0.2596, 0.5, 0.7812]
  grid 110: chi2=132808.1 v=[80.0, -0.0034, 0.2596, 0.5, 0.9766]
  grid 111: chi2=116860.6 v=[80.0, -0.0034, 0.2596, 0.5, 1.1719]
  grid 114: chi2=112825.8 v=[80.0, -0.0034, 0.2596, 0.75, 1.1719]
  grid 158: chi2=97614.9 v=[84.0, -0.0034, 0.2225, 0.5, 0.9766]
  grid 159: chi2=76427.6 v=[84.0, -0.0034, 0.2225, 0.5, 1.1719]
  grid 162: chi2=71941.2 v=[84.0, -0.0034, 0.2225, 0.75, 1.1719]
  grid 169: chi2=65922.7 v=[84.0, -0.0034, 0.2596, 0.5, 0.7812]
  grid 170: chi2=25862.1 v=[84.0, -0.0034, 0.2596, 0.5, 0.9766]
  grid 171: chi2=10377.8 v=[84.0, -0.0034, 0.2596, 0.5, 1.1719]
  grid 230: chi2=4645.2 v=[87.0, -0.0034, 0.2596, 0.5, 0.9766]
grid best chi2=4645.22 (926s)
  local-opt eval 25: best chi2 3303.19
  local-opt eval 50: best chi2 3060.04
  local-opt eval 75: best chi2 3052.44
  local-opt eval 100: best chi2 3052.44
  local-opt eval 125: best chi2 3052.44
  local-opt eval 150: best chi2 2951.54
  local-opt eval 175: best chi2 2951.54
  local-opt eval 200: best chi2 2951.54
  local-opt eval 225: best chi2 2951.54
  local-opt eval 250: best chi2 2951.54
  local-opt eval 275: best chi2 2951.52
  local-opt eval 300: best chi2 2951.52
  local-opt eval 325: best chi2 2951.52
  local-opt eval 350: best chi2 2951.52
  local-opt eval 375: best chi2 2951.52
  local-opt eval 400: best chi2 2951.52
  start 1/3 (grid chi2 4645.2) -> chi2 2951.52
  local-opt eval 25: best chi2 3709.44
  local-opt eval 50: best chi2 3357.88
  local-opt eval 75: best chi2 1814.76
  local-opt eval 100: best chi2 1335.99
  local-opt eval 125: best chi2 1169.41
  local-opt eval 150: best chi2 818.55
  local-opt eval 175: best chi2 596.40
  local-opt eval 200: best chi2 596.40
  local-opt eval 225: best chi2 596.40
  local-opt eval 250: best chi2 596.34
  local-opt eval 275: best chi2 596.34
  local-opt eval 300: best chi2 596.34
  local-opt eval 325: best chi2 596.34
  local-opt eval 350: best chi2 596.34
  local-opt eval 375: best chi2 596.34
  local-opt eval 400: best chi2 596.34
  local-opt eval 425: best chi2 595.57
  local-opt eval 450: best chi2 595.57
  local-opt eval 475: best chi2 595.57
  local-opt eval 500: best chi2 595.57
  local-opt eval 525: best chi2 595.57
  start 2/3 (grid chi2 7257.4) -> chi2 595.57
  local-opt eval 25: best chi2 3548.96
  local-opt eval 50: best chi2 2418.68
  local-opt eval 75: best chi2 1377.97
  local-opt eval 100: best chi2 689.80
  local-opt eval 125: best chi2 643.98
  local-opt eval 150: best chi2 632.82
  local-opt eval 175: best chi2 621.62
  local-opt eval 200: best chi2 611.41
  local-opt eval 225: best chi2 611.41
  local-opt eval 250: best chi2 611.41
  local-opt eval 275: best chi2 584.90
  local-opt eval 300: best chi2 559.65
  local-opt eval 325: best chi2 550.18
  local-opt eval 350: best chi2 546.08
  local-opt eval 375: best chi2 546.08
  local-opt eval 400: best chi2 546.08
  local-opt eval 425: best chi2 546.08
  local-opt eval 450: best chi2 546.08
  local-opt eval 475: best chi2 546.08
  local-opt eval 500: best chi2 546.08
  start 3/3 (grid chi2 8951.5) -> chi2 546.08
local-opt (Nelder-Mead) chi2=546.08 after 1476 evals v=[83.0476, -0.00997, 0.29121, 0.59958, 0.98675]
